<html>
<body>
<pre>
<h1>µVision Build Log</h1>
<h2>Tool Versions:</h2>
IDE-Version: ¦ÌVision V5.25.3.0
Copyright (C) 2018 ARM Ltd and ARM Germany GmbH. All rights reserved.
License Information: po po, po, LIC=QF82M-X6RL9-UH08H-W6F1P-KWDZ2-012LS
 
Tool Versions:
Toolchain:       MDK-ARM Plus  Version: 5.18
Toolchain Path:  C:\Keil_v5\ARM\ARMCC\Bin
C Compiler:      Armcc.exe V5.06 update 1 (build 61)
Assembler:       Armasm.exe V5.06 update 1 (build 61)
Linker/Locator:  ArmLink.exe V5.06 update 1 (build 61)
Library Manager: ArmAr.exe V5.06 update 1 (build 61)
Hex Converter:   FromElf.exe V5.06 update 1 (build 61)
CPU DLL:         SARMCM3.DLL V5.18
Dialog DLL:      DCM.DLL V1.13.6.0
Target DLL:      STLink\ST-LINKIII-KEIL_SWO.dll V2.0.18.0
Dialog DLL:      TCM.DLL V1.14.8.0
 
<h2>Project:</h2>
E:\STM32_WorkSpace\project\MDK-ARM\project.uvprojx
Project File Date:  05/31/2023

<h2>Output:</h2>
*** Using Compiler 'V5.06 update 1 (build 61)', folder: 'C:\Keil_v5\ARM\ARMCC\Bin'
Rebuild target 'project'
assembling startup_stm32f103xb.s...
compiling stm32f1xx_hal_rcc_ex.c...
compiling stm32f1xx_hal_rcc.c...
compiling dma.c...
compiling stm32f1xx_hal_msp.c...
compiling tim.c...
compiling stm32f1xx_it.c...
compiling stm32f1xx_hal_gpio_ex.c...
compiling gpio.c...
compiling stm32f1xx_hal_timebase_tim.c...
compiling stm32f1xx_hal_gpio.c...
compiling i2c.c...
compiling stm32f1xx_hal.c...
compiling usart.c...
compiling main.c...
compiling stm32f1xx_hal_i2c.c...
compiling system_stm32f1xx.c...
compiling stm32f1xx_hal_exti.c...
compiling stm32f1xx_hal_cortex.c...
compiling stm32f1xx_hal_tim_ex.c...
compiling stm32f1xx_hal_flash.c...
compiling cpu_core.c...
compiling cpu_c.c...
compiling stm32f1xx_hal_flash_ex.c...
assembling cpu_a.asm...
compiling ANO_TC.c...
compiling stm32f1xx_hal_dma.c...
compiling bsp.c...
compiling stm32f1xx_hal_uart.c...
compiling mpu6050.c...
compiling lib_ascii.c...
compiling lib_math.c...
assembling lib_mem_a.asm...
compiling stm32f1xx_hal_pwr.c...
assembling os_cpu_a.s...
compiling lib_str.c...
compiling lib_mem.c...
compiling os_cfg_app.c...
compiling os_dbg.c...
compiling os_cpu_c.c...
compiling os_mem.c...
compiling os_msg.c...
compiling os_int.c...
compiling inv_mpu_dmp_motion_driver.c...
compiling os_mutex.c...
compiling os_pend_multi.c...
compiling os_core.c...
compiling os_prio.c...
compiling os_flag.c...
compiling inv_mpu.c...
compiling os_q.c...
compiling os_var.c...
compiling os_sem.c...
compiling os_tick.c...
compiling os_stat.c...
compiling os_time.c...
compiling os_app_hooks.c...
compiling os_tmr.c...
compiling os_task.c...
compiling driver.c...
compiling stm32f1xx_hal_tim.c...
linking...
Program Size: Code=40092 RO-data=3876 RW-data=424 ZI-data=15016  
FromELF: creating hex file...
"project\project.axf" - 0 Error(s), 0 Warning(s).

<h2>Software Packages used:</h2>

Package Vendor: ARM
                http://www.keil.com/pack/ARM.CMSIS.4.5.0.pack
                ARM.CMSIS.4.5.0
                CMSIS (Cortex Microcontroller Software Interface Standard)
   * Component: CORE Version: 4.3.0

Package Vendor: Keil
                http://www.keil.com/pack/Keil.STM32F1xx_DFP.2.0.0.pack
                Keil.STM32F1xx_DFP.2.0.0
                STMicroelectronics STM32F1 Series Device Support, Drivers and Examples

<h2>Collection of Component include folders:</h2>
  .\RTE\_project
  C:\Keil_v5\ARM\PACK\ARM\CMSIS\4.5.0\CMSIS\Include
  C:\Keil_v5\ARM\PACK\Keil\STM32F1xx_DFP\2.0.0\Device\Include

<h2>Collection of Component Files used:</h2>

   * Component: ARM::CMSIS:CORE:4.3.0
Build Time Elapsed:  00:00:06
</pre>
</body>
</html>
