Component: ARM Compiler 5.06 update 1 (build 61) Tool: armlink [4d35a8]

==============================================================================

Section Cross References

    startup_stm32f103xb.o(RESET) refers to startup_stm32f103xb.o(STACK) for __initial_sp
    startup_stm32f103xb.o(RESET) refers to startup_stm32f103xb.o(.text) for Reset_Handler
    startup_stm32f103xb.o(RESET) refers to stm32f1xx_it.o(i.NMI_Handler) for NMI_Handler
    startup_stm32f103xb.o(RESET) refers to stm32f1xx_it.o(i.HardFault_Handler) for HardFault_Handler
    startup_stm32f103xb.o(RESET) refers to stm32f1xx_it.o(i.MemManage_Handler) for MemManage_Handler
    startup_stm32f103xb.o(RESET) refers to stm32f1xx_it.o(i.BusFault_Handler) for BusFault_Handler
    startup_stm32f103xb.o(RESET) refers to stm32f1xx_it.o(i.UsageFault_Handler) for UsageFault_Handler
    startup_stm32f103xb.o(RESET) refers to stm32f1xx_it.o(i.SVC_Handler) for SVC_Handler
    startup_stm32f103xb.o(RESET) refers to stm32f1xx_it.o(i.DebugMon_Handler) for DebugMon_Handler
    startup_stm32f103xb.o(RESET) refers to os_cpu_a.o(CODE) for OS_CPU_PendSVHandler
    startup_stm32f103xb.o(RESET) refers to os_cpu_c.o(i.OS_CPU_SysTickHandler) for OS_CPU_SysTickHandler
    startup_stm32f103xb.o(RESET) refers to stm32f1xx_it.o(i.DMA1_Channel4_IRQHandler) for DMA1_Channel4_IRQHandler
    startup_stm32f103xb.o(RESET) refers to stm32f1xx_it.o(i.DMA1_Channel5_IRQHandler) for DMA1_Channel5_IRQHandler
    startup_stm32f103xb.o(RESET) refers to stm32f1xx_it.o(i.TIM4_IRQHandler) for TIM4_IRQHandler
    startup_stm32f103xb.o(RESET) refers to stm32f1xx_it.o(i.I2C1_EV_IRQHandler) for I2C1_EV_IRQHandler
    startup_stm32f103xb.o(RESET) refers to stm32f1xx_it.o(i.I2C1_ER_IRQHandler) for I2C1_ER_IRQHandler
    startup_stm32f103xb.o(RESET) refers to stm32f1xx_it.o(i.USART1_IRQHandler) for USART1_IRQHandler
    startup_stm32f103xb.o(.text) refers to system_stm32f1xx.o(i.SystemInit) for SystemInit
    startup_stm32f103xb.o(.text) refers to entry.o(.ARM.Collect$$$$00000000) for __main
    main.o(i.HAL_TIM_PeriodElapsedCallback) refers to stm32f1xx_hal.o(i.HAL_IncTick) for HAL_IncTick
    main.o(i.OS_Start) refers to os_core.o(i.OSInit) for OSInit
    main.o(i.OS_Start) refers to os_task.o(i.OSTaskCreate) for OSTaskCreate
    main.o(i.OS_Start) refers to os_core.o(i.OSStart) for OSStart
    main.o(i.OS_Start) refers to main.o(.bss) for .bss
    main.o(i.OS_Start) refers to main.o(i.Task_Start) for Task_Start
    main.o(i.SystemClock_Config) refers to memseta.o(.text) for __aeabi_memclr4
    main.o(i.SystemClock_Config) refers to stm32f1xx_hal_rcc.o(i.HAL_RCC_OscConfig) for HAL_RCC_OscConfig
    main.o(i.SystemClock_Config) refers to stm32f1xx_hal_rcc.o(i.HAL_RCC_ClockConfig) for HAL_RCC_ClockConfig
    main.o(i.Task_Base) refers to os_time.o(i.OSTimeDly) for OSTimeDly
    main.o(i.Task_Start) refers to bsp.o(i.BSP_Init) for BSP_Init
    main.o(i.Task_Start) refers to cpu_core.o(i.CPU_Init) for CPU_Init
    main.o(i.Task_Start) refers to bsp.o(i.BSP_CPU_ClkFreq) for BSP_CPU_ClkFreq
    main.o(i.Task_Start) refers to os_cpu_c.o(i.OS_CPU_SysTickInit) for OS_CPU_SysTickInit
    main.o(i.Task_Start) refers to lib_mem.o(i.Mem_Init) for Mem_Init
    main.o(i.Task_Start) refers to os_task.o(i.OSTaskCreate) for OSTaskCreate
    main.o(i.Task_Start) refers to os_tmr.o(i.OSTmrCreate) for OSTmrCreate
    main.o(i.Task_Start) refers to os_tmr.o(i.OSTmrStart) for OSTmrStart
    main.o(i.Task_Start) refers to os_task.o(i.OSTaskDel) for OSTaskDel
    main.o(i.Task_Start) refers to os_cfg_app.o(.constdata) for OSCfg_TickRate_Hz
    main.o(i.Task_Start) refers to main.o(.bss) for .bss
    main.o(i.Task_Start) refers to main.o(i.Task_Base) for Task_Base
    main.o(i.Task_Start) refers to main.o(i.Task_Tim1) for Task_Tim1
    main.o(i.Task_Start) refers to main.o(i.Task_Tim2) for Task_Tim2
    main.o(i.Task_Tim1) refers to driver.o(i.get_encoder) for get_encoder
    main.o(i.Task_Tim1) refers to inv_mpu.o(i.mpu_dmp_get_data) for mpu_dmp_get_data
    main.o(i.Task_Tim1) refers to mpu6050.o(i.MPU_Get_Gyroscope) for MPU_Get_Gyroscope
    main.o(i.Task_Tim1) refers to ano_tc.o(i.ANO_TC_Send) for ANO_TC_Send
    main.o(i.Task_Tim1) refers to main.o(.data) for .data
    main.o(i.Task_Tim1) refers to main.o(.bss) for .bss
    main.o(i.Task_Tim2) refers to driver.o(i.motor_pi) for motor_pi
    main.o(i.Task_Tim2) refers to driver.o(i.velocity_control) for velocity_control
    main.o(i.Task_Tim2) refers to driver.o(i.angle_control) for angle_control
    main.o(i.Task_Tim2) refers to driver.o(i.palstance_control) for palstance_control
    main.o(i.Task_Tim2) refers to main.o(.data) for .data
    main.o(i.Task_Tim2) refers to main.o(.bss) for .bss
    main.o(i.main) refers to stm32f1xx_hal.o(i.HAL_Init) for HAL_Init
    main.o(i.main) refers to main.o(i.SystemClock_Config) for SystemClock_Config
    main.o(i.main) refers to gpio.o(i.MX_GPIO_Init) for MX_GPIO_Init
[...]
    OS_MsgQPut                               0x08005209   Thumb Code   132  os_msg.o(i.OS_MsgQPut)
    OS_MutexInit                             0x08005291   Thumb Code    14  os_mutex.o(i.OS_MutexInit)
    OS_Pend                                  0x080052a9   Thumb Code    74  os_core.o(i.OS_Pend)
    OS_PendDataInit                          0x080052f9   Thumb Code    48  os_core.o(i.OS_PendDataInit)
    OS_PendDbgNameAdd                        0x08005329   Thumb Code    46  os_core.o(i.OS_PendDbgNameAdd)
    OS_PendDbgNameRemove                     0x08005371   Thumb Code    22  os_core.o(i.OS_PendDbgNameRemove)
    OS_PendListInsertPrio                    0x0800538d   Thumb Code    90  os_core.o(i.OS_PendListInsertPrio)
    OS_PendListRemove                        0x080053e7   Thumb Code    38  os_core.o(i.OS_PendListRemove)
    OS_PendListRemove1                       0x0800540d   Thumb Code    54  os_core.o(i.OS_PendListRemove1)
    OS_Post                                  0x08005443   Thumb Code   152  os_core.o(i.OS_Post)
    OS_Post1                                 0x080054db   Thumb Code    38  os_core.o(i.OS_Post1)
    OS_PrioGetHighest                        0x08005501   Thumb Code    32  os_prio.o(i.OS_PrioGetHighest)
    OS_PrioInit                              0x08005525   Thumb Code     8  os_prio.o(i.OS_PrioInit)
    OS_PrioInsert                            0x08005531   Thumb Code    28  os_prio.o(i.OS_PrioInsert)
    OS_PrioRemove                            0x08005551   Thumb Code    28  os_prio.o(i.OS_PrioRemove)
    OS_QInit                                 0x08005571   Thumb Code    14  os_q.o(i.OS_QInit)
    OS_QPost                                 0x08005589   Thumb Code   252  os_q.o(i.OS_QPost)
    OS_RdyListInit                           0x0800568d   Thumb Code    32  os_core.o(i.OS_RdyListInit)
    OS_RdyListInsert                         0x080056b1   Thumb Code    42  os_core.o(i.OS_RdyListInsert)
    OS_RdyListInsertHead                     0x080056e1   Thumb Code    52  os_core.o(i.OS_RdyListInsertHead)
    OS_RdyListInsertTail                     0x08005719   Thumb Code    48  os_core.o(i.OS_RdyListInsertTail)
    OS_RdyListMoveHeadToTail                 0x0800574d   Thumb Code    52  os_core.o(i.OS_RdyListMoveHeadToTail)
    OS_RdyListRemove                         0x08005781   Thumb Code    78  os_core.o(i.OS_RdyListRemove)
    OS_Sched0                                0x080057d5   Thumb Code    50  os_core.o(i.OS_Sched0)
    OS_SchedLockTimeMeasStart                0x0800581d   Thumb Code    20  os_core.o(i.OS_SchedLockTimeMeasStart)
    OS_SchedLockTimeMeasStop                 0x08005839   Thumb Code    42  os_core.o(i.OS_SchedLockTimeMeasStop)
    OS_SchedRoundRobin                       0x08005875   Thumb Code    88  os_core.o(i.OS_SchedRoundRobin)
    OS_SemInit                               0x080058dd   Thumb Code    14  os_sem.o(i.OS_SemInit)
    OS_SemPost                               0x080058f5   Thumb Code   224  os_sem.o(i.OS_SemPost)
    OS_Start                                 0x080059d9   Thumb Code    64  main.o(i.OS_Start)
    OS_StatTask                              0x08005a31   Thumb Code   602  os_stat.o(i.OS_StatTask)
    OS_StatTaskInit                          0x08005cd5   Thumb Code   118  os_stat.o(i.OS_StatTaskInit)
    OS_TaskBlock                             0x08005d91   Thumb Code    42  os_core.o(i.OS_TaskBlock)
    OS_TaskDbgListAdd                        0x08005dbd   Thumb Code    30  os_task.o(i.OS_TaskDbgListAdd)
    OS_TaskDbgListRemove                     0x08005de1   Thumb Code    50  os_task.o(i.OS_TaskDbgListRemove)
    OS_TaskInit                              0x08005e19   Thumb Code    18  os_task.o(i.OS_TaskInit)
    OS_TaskInitTCB                           0x08005e39   Thumb Code   188  os_task.o(i.OS_TaskInitTCB)
    OS_TaskQPost                             0x08005f01   Thumb Code   310  os_task.o(i.OS_TaskQPost)
    OS_TaskRdy                               0x08006045   Thumb Code    28  os_core.o(i.OS_TaskRdy)
    OS_TaskResume                            0x08006061   Thumb Code   252  os_task.o(i.OS_TaskResume)
    OS_TaskReturn                            0x08006161   Thumb Code    20  os_task.o(i.OS_TaskReturn)
    OS_TaskSemPost                           0x08006179   Thumb Code   380  os_task.o(i.OS_TaskSemPost)
    OS_TaskSuspend                           0x08006301   Thumb Code   224  os_task.o(i.OS_TaskSuspend)
    OS_TickListInit                          0x080063e9   Thumb Code    34  os_tick.o(i.OS_TickListInit)
    OS_TickListInsert                        0x08006415   Thumb Code   202  os_tick.o(i.OS_TickListInsert)
    OS_TickListRemove                        0x080064ed   Thumb Code    54  os_tick.o(i.OS_TickListRemove)
    OS_TickListResetPeak                     0x08006525   Thumb Code    30  os_tick.o(i.OS_TickListResetPeak)
    OS_TickListUpdate                        0x0800654d   Thumb Code   354  os_tick.o(i.OS_TickListUpdate)
    OS_TickTask                              0x080066c9   Thumb Code    36  os_tick.o(i.OS_TickTask)
    OS_TickTaskInit                          0x080066f1   Thumb Code   112  os_tick.o(i.OS_TickTaskInit)
    OS_TmrDbgListAdd                         0x08006799   Thumb Code    22  os_tmr.o(i.OS_TmrDbgListAdd)
    OS_TmrInit                               0x080067b5   Thumb Code   172  os_tmr.o(i.OS_TmrInit)
    OS_TmrLink                               0x080068b9   Thumb Code   140  os_tmr.o(i.OS_TmrLink)
    OS_TmrResetPeak                          0x08006951   Thumb Code    30  os_tmr.o(i.OS_TmrResetPeak)
    OS_TmrTask                               0x08006979   Thumb Code   146  os_tmr.o(i.OS_TmrTask)
    OS_TmrUnlink                             0x08006a1d   Thumb Code    68  os_tmr.o(i.OS_TmrUnlink)
    SVC_Handler                              0x08006a69   Thumb Code     2  stm32f1xx_it.o(i.SVC_Handler)
    SystemClock_Config                       0x08006a6b   Thumb Code    94  main.o(i.SystemClock_Config)
    SystemInit                               0x08006ac9   Thumb Code     2  system_stm32f1xx.o(i.SystemInit)
    TIM4_IRQHandler                          0x08006acd   Thumb Code     6  stm32f1xx_it.o(i.TIM4_IRQHandler)
    TIM_Base_SetConfig                       0x08006ad9   Thumb Code    94  stm32f1xx_hal_tim.o(i.TIM_Base_SetConfig)
    TIM_CCxChannelCmd                        0x08006b45   Thumb Code    26  stm32f1xx_hal_tim.o(i.TIM_CCxChannelCmd)
    TIM_ETR_SetConfig                        0x08006b5f   Thumb Code    20  stm32f1xx_hal_tim.o(i.TIM_ETR_SetConfig)
    TIM_OC2_SetConfig                        0x08006bd5   Thumb Code    84  stm32f1xx_hal_tim.o(i.TIM_OC2_SetConfig)
    Task_Base                                0x08006d0f   Thumb Code    14  main.o(i.Task_Base)
    Task_Start                               0x08006d1d   Thumb Code   162  main.o(i.Task_Start)
    Task_Tim1                                0x08006dfd   Thumb Code    70  main.o(i.Task_Tim1)
    Task_Tim2                                0x08006e4d   Thumb Code    72  main.o(i.Task_Tim2)
    USART1_IRQHandler                        0x080070b1   Thumb Code     6  stm32f1xx_it.o(i.USART1_IRQHandler)
    UsageFault_Handler                       0x080070bd   Thumb Code     2  stm32f1xx_it.o(i.UsageFault_Handler)
    __0printf$8                              0x080070c1   Thumb Code    22  printf8.o(i.__0printf$8)
    __1printf$8                              0x080070c1   Thumb Code     0  printf8.o(i.__0printf$8)
    __2printf                                0x080070c1   Thumb Code     0  printf8.o(i.__0printf$8)
    __ARM_fpclassify                         0x080070e1   Thumb Code    40  fpclassify.o(i.__ARM_fpclassify)
    __kernel_poly                            0x08007129   Thumb Code   170  poly.o(i.__kernel_poly)
    __mathlib_dbl_infnan                     0x080071d3   Thumb Code     6  dunder.o(i.__mathlib_dbl_infnan)
    __mathlib_dbl_infnan2                    0x080071d9   Thumb Code     4  dunder.o(i.__mathlib_dbl_infnan2)
    __mathlib_dbl_invalid                    0x080071dd   Thumb Code    12  dunder.o(i.__mathlib_dbl_invalid)
    __mathlib_dbl_underflow                  0x080071e9   Thumb Code    10  dunder.o(i.__mathlib_dbl_underflow)
    __scatterload_copy                       0x080071f9   Thumb Code    14  handlers.o(i.__scatterload_copy)
    __scatterload_null                       0x08007207   Thumb Code     2  handlers.o(i.__scatterload_null)
    __scatterload_zeroinit                   0x08007209   Thumb Code    14  handlers.o(i.__scatterload_zeroinit)
    __set_errno                              0x08007219   Thumb Code     6  errno.o(i.__set_errno)
    angle_control                            0x08007709   Thumb Code    98  driver.o(i.angle_control)
    asin                                     0x08007779   Thumb Code   572  asin.o(i.asin)
    atan                                     0x080079e9   Thumb Code   474  atan.o(i.atan)
    atan2                                    0x08007c09   Thumb Code   346  atan2.o(i.atan2)
    dmp_enable_6x_lp_quat                    0x08007d89   Thumb Code    58  inv_mpu_dmp_motion_driver.o(i.dmp_enable_6x_lp_quat)
    dmp_enable_feature                       0x08007dc5   Thumb Code   464  inv_mpu_dmp_motion_driver.o(i.dmp_enable_feature)
    dmp_enable_gyro_cal                      0x08007f9d   Thumb Code    34  inv_mpu_dmp_motion_driver.o(i.dmp_enable_gyro_cal)
    dmp_enable_lp_quat                       0x08007fd9   Thumb Code    58  inv_mpu_dmp_motion_driver.o(i.dmp_enable_lp_quat)
    dmp_load_motion_driver_firmware          0x08008015   Thumb Code    16  inv_mpu_dmp_motion_driver.o(i.dmp_load_motion_driver_firmware)
    dmp_read_fifo                            0x08008029   Thumb Code   320  inv_mpu_dmp_motion_driver.o(i.dmp_read_fifo)
    dmp_set_accel_bias                       0x0800816d   Thumb Code   210  inv_mpu_dmp_motion_driver.o(i.dmp_set_accel_bias)
    dmp_set_fifo_rate                        0x08008245   Thumb Code    82  inv_mpu_dmp_motion_driver.o(i.dmp_set_fifo_rate)
    dmp_set_gyro_bias                        0x080082a9   Thumb Code   196  inv_mpu_dmp_motion_driver.o(i.dmp_set_gyro_bias)
    dmp_set_orientation                      0x08008375   Thumb Code   246  inv_mpu_dmp_motion_driver.o(i.dmp_set_orientation)
    dmp_set_shake_reject_thresh              0x08008481   Thumb Code    48  inv_mpu_dmp_motion_driver.o(i.dmp_set_shake_reject_thresh)
    dmp_set_shake_reject_time                0x080084b1   Thumb Code    32  inv_mpu_dmp_motion_driver.o(i.dmp_set_shake_reject_time)
    dmp_set_shake_reject_timeout             0x080084d1   Thumb Code    32  inv_mpu_dmp_motion_driver.o(i.dmp_set_shake_reject_timeout)
    dmp_set_tap_axes                         0x080084f1   Thumb Code    64  inv_mpu_dmp_motion_driver.o(i.dmp_set_tap_axes)
    dmp_set_tap_count                        0x08008531   Thumb Code    34  inv_mpu_dmp_motion_driver.o(i.dmp_set_tap_count)
    dmp_set_tap_thresh                       0x08008555   Thumb Code   274  inv_mpu_dmp_motion_driver.o(i.dmp_set_tap_thresh)
    dmp_set_tap_time                         0x0800867d   Thumb Code    32  inv_mpu_dmp_motion_driver.o(i.dmp_set_tap_time)
    dmp_set_tap_time_multi                   0x0800869d   Thumb Code    32  inv_mpu_dmp_motion_driver.o(i.dmp_set_tap_time_multi)
    fputc                                    0x080086bd   Thumb Code    20  usart.o(i.fputc)
    get_encoder                              0x08008781   Thumb Code    36  driver.o(i.get_encoder)
    inv_orientation_matrix_to_scalar         0x08008b95   Thumb Code    34  inv_mpu.o(i.inv_orientation_matrix_to_scalar)
    inv_row_2_scale                          0x08008bb7   Thumb Code    72  inv_mpu.o(i.inv_row_2_scale)
    main                                     0x08008c01   Thumb Code    62  main.o(i.main)
    mget_ms                                  0x08008c49   Thumb Code     2  inv_mpu.o(i.mget_ms)
    motor_control                            0x08008c4d   Thumb Code    36  driver.o(i.motor_control)
    motor_pi                                 0x08008c79   Thumb Code   132  driver.o(i.motor_pi)
    mpu_configure_fifo                       0x08008d01   Thumb Code    78  inv_mpu.o(i.mpu_configure_fifo)
    mpu_dmp_get_data                         0x08008d55   Thumb Code   408  inv_mpu.o(i.mpu_dmp_get_data)
    mpu_dmp_init                             0x08008ef1   Thumb Code   154  inv_mpu.o(i.mpu_dmp_init)
    mpu_get_accel_fsr                        0x08008f95   Thumb Code    54  inv_mpu.o(i.mpu_get_accel_fsr)
    mpu_get_accel_sens                       0x08008fd1   Thumb Code    62  inv_mpu.o(i.mpu_get_accel_sens)
    mpu_get_gyro_fsr                         0x08009015   Thumb Code    48  inv_mpu.o(i.mpu_get_gyro_fsr)
    mpu_get_gyro_sens                        0x08009049   Thumb Code    44  inv_mpu.o(i.mpu_get_gyro_sens)
    mpu_get_lpf                              0x08009089   Thumb Code    52  inv_mpu.o(i.mpu_get_lpf)
    mpu_get_sample_rate                      0x080090c1   Thumb Code    22  inv_mpu.o(i.mpu_get_sample_rate)
    mpu_init                                 0x080090dd   Thumb Code   310  inv_mpu.o(i.mpu_init)
    mpu_load_firmware                        0x08009265   Thumb Code   154  inv_mpu.o(i.mpu_load_firmware)
    mpu_lp_accel_mode                        0x08009305   Thumb Code   178  inv_mpu.o(i.mpu_lp_accel_mode)
    mpu_read_fifo_stream                     0x080093bd   Thumb Code   140  inv_mpu.o(i.mpu_read_fifo_stream)
    mpu_read_mem                             0x0800944d   Thumb Code    80  inv_mpu.o(i.mpu_read_mem)
    mpu_reset_fifo                           0x080094a1   Thumb Code   346  inv_mpu.o(i.mpu_reset_fifo)
    mpu_run_self_test                        0x08009601   Thumb Code   234  inv_mpu.o(i.mpu_run_self_test)
    mpu_set_accel_fsr                        0x080096f1   Thumb Code    98  inv_mpu.o(i.mpu_set_accel_fsr)
    mpu_set_bypass                           0x08009759   Thumb Code   214  inv_mpu.o(i.mpu_set_bypass)
    mpu_set_dmp_state                        0x08009835   Thumb Code   114  inv_mpu.o(i.mpu_set_dmp_state)
    mpu_set_gyro_fsr                         0x080098ad   Thumb Code   104  inv_mpu.o(i.mpu_set_gyro_fsr)
    mpu_set_int_latched                      0x08009919   Thumb Code    94  inv_mpu.o(i.mpu_set_int_latched)
    mpu_set_lpf                              0x0800997d   Thumb Code   102  inv_mpu.o(i.mpu_set_lpf)
    mpu_set_sample_rate                      0x080099e9   Thumb Code   124  inv_mpu.o(i.mpu_set_sample_rate)
    mpu_set_sensors                          0x08009a69   Thumb Code   178  inv_mpu.o(i.mpu_set_sensors)
    mpu_write_mem                            0x08009b21   Thumb Code    80  inv_mpu.o(i.mpu_write_mem)
    palstance_control                        0x08009b75   Thumb Code   126  driver.o(i.palstance_control)
    run_self_test                            0x08009bf9   Thumb Code   128  inv_mpu.o(i.run_self_test)
    sqrt                                     0x08009cd1   Thumb Code    76  sqrt.o(i.sqrt)
    velocity_control                         0x08009d1d   Thumb Code   104  driver.o(i.velocity_control)
    AHBPrescTable                            0x08009d88   Data          16  system_stm32f1xx.o(.constdata)
    APBPrescTable                            0x08009d98   Data           8  system_stm32f1xx.o(.constdata)
    reg                                      0x08009da0   Data          27  inv_mpu.o(.constdata)
    hw                                       0x08009dbc   Data          12  inv_mpu.o(.constdata)
    test                                     0x08009dc8   Data          40  inv_mpu.o(.constdata)
    OSCfg_IdleTaskStkBasePtr                 0x0800a9e8   Data           4  os_cfg_app.o(.constdata)
    OSCfg_IdleTaskStkLimit                   0x0800a9ec   Data           4  os_cfg_app.o(.constdata)
    OSCfg_IdleTaskStkSize                    0x0800a9f0   Data           4  os_cfg_app.o(.constdata)
    OSCfg_IntQBasePtr                        0x0800a9f4   Data           4  os_cfg_app.o(.constdata)
    OSCfg_IntQSize                           0x0800a9f8   Data           2  os_cfg_app.o(.constdata)
    OSCfg_IntQTaskStkBasePtr                 0x0800a9fc   Data           4  os_cfg_app.o(.constdata)
    OSCfg_IntQTaskStkLimit                   0x0800aa00   Data           4  os_cfg_app.o(.constdata)
    OSCfg_IntQTaskStkSize                    0x0800aa04   Data           4  os_cfg_app.o(.constdata)
    OSCfg_ISRStkBasePtr                      0x0800aa08   Data           4  os_cfg_app.o(.constdata)
    OSCfg_ISRStkSize                         0x0800aa0c   Data           4  os_cfg_app.o(.constdata)
    OSCfg_MsgPoolSize                        0x0800aa10   Data           2  os_cfg_app.o(.constdata)
    OSCfg_MsgPoolBasePtr                     0x0800aa14   Data           4  os_cfg_app.o(.constdata)
    OSCfg_StatTaskPrio                       0x0800aa18   Data           1  os_cfg_app.o(.constdata)
    OSCfg_StatTaskRate_Hz                    0x0800aa1c   Data           4  os_cfg_app.o(.constdata)
    OSCfg_StatTaskStkBasePtr                 0x0800aa20   Data           4  os_cfg_app.o(.constdata)
    OSCfg_StatTaskStkLimit                   0x0800aa24   Data           4  os_cfg_app.o(.constdata)
    OSCfg_StatTaskStkSize                    0x0800aa28   Data           4  os_cfg_app.o(.constdata)
    OSCfg_StkSizeMin                         0x0800aa2c   Data           4  os_cfg_app.o(.constdata)
    OSCfg_TickRate_Hz                        0x0800aa30   Data           4  os_cfg_app.o(.constdata)
    OSCfg_TickTaskPrio                       0x0800aa34   Data           1  os_cfg_app.o(.constdata)
    OSCfg_TickTaskStkBasePtr                 0x0800aa38   Data           4  os_cfg_app.o(.constdata)
    OSCfg_TickTaskStkLimit                   0x0800aa3c   Data           4  os_cfg_app.o(.constdata)
    OSCfg_TickTaskStkSize                    0x0800aa40   Data           4  os_cfg_app.o(.constdata)
    OSCfg_TickWheelSize                      0x0800aa44   Data           2  os_cfg_app.o(.constdata)
    OSCfg_TmrTaskPrio                        0x0800aa46   Data           1  os_cfg_app.o(.constdata)
    OSCfg_TmrTaskRate_Hz                     0x0800aa48   Data           4  os_cfg_app.o(.constdata)
    OSCfg_TmrTaskStkBasePtr                  0x0800aa4c   Data           4  os_cfg_app.o(.constdata)
    OSCfg_TmrTaskStkLimit                    0x0800aa50   Data           4  os_cfg_app.o(.constdata)
    OSCfg_TmrTaskStkSize                     0x0800aa54   Data           4  os_cfg_app.o(.constdata)
    OSCfg_TmrWheelSize                       0x0800aa58   Data           2  os_cfg_app.o(.constdata)
    __mathlib_zero                           0x0800ab48   Data           8  qnan.o(.constdata)
    Region$$Table$$Base                      0x0800aba0   Number         0  anon$$obj.o(Region$$Table)
    Region$$Table$$Limit                     0x0800abc0   Number         0  anon$$obj.o(Region$$Table)
    encoder                                  0x20000004   Data           2  main.o(.data)
    motor_pwm                                0x20000006   Data           2  main.o(.data)
    balance_pwm                              0x20000008   Data           2  main.o(.data)
    uwTickFreq                               0x20000010   Data           1  stm32f1xx_hal.o(.data)
    uwTickPrio                               0x20000014   Data           4  stm32f1xx_hal.o(.data)
    uwTick                                   0x20000018   Data           4  stm32f1xx_hal.o(.data)
    SystemCoreClock                          0x2000001c   Data           4  system_stm32f1xx.o(.data)
    Motor_Last_Bias                          0x20000058   Data           2  driver.o(.data)
    Motor_Bias                               0x20000066   Data           2  driver.o(.data)
    Motor_Integrator                         0x20000068   Data           2  driver.o(.data)
    pid_data                                 0x20000078   Data          48  driver.o(.data)
    CPU_IntDisMeasCtr                        0x200000a8   Data           2  cpu_core.o(.data)
    CPU_IntDisNestCtr                        0x200000aa   Data           2  cpu_core.o(.data)
    CPU_TS_TmrFreq_Hz                        0x200000ac   Data           4  cpu_core.o(.data)
    CPU_IntDisMeasStart_cnts                 0x200000b0   Data           4  cpu_core.o(.data)
    CPU_IntDisMeasStop_cnts                  0x200000b4   Data           4  cpu_core.o(.data)
    CPU_IntDisMeasOvrhd_cnts                 0x200000b8   Data           4  cpu_core.o(.data)
    CPU_IntDisMeasMaxCur_cnts                0x200000bc   Data           4  cpu_core.o(.data)
    CPU_IntDisMeasMax_cnts                   0x200000c0   Data           4  cpu_core.o(.data)
    Mem_PoolTbl                              0x200000c4   Data           4  lib_mem.o(.data)
    OS_CPU_ExceptStkBase                     0x200000c8   Data           4  os_cpu_c.o(.data)
    OSPrioTbl                                0x200000cc   Data           4  os_prio.o(.data)
    OS_AppTaskCreateHookPtr                  0x200000d0   Data           4  os_var.o(.data)
    OS_AppTaskDelHookPtr                     0x200000d4   Data           4  os_var.o(.data)
    OS_AppTaskReturnHookPtr                  0x200000d8   Data           4  os_var.o(.data)
    OS_AppIdleTaskHookPtr                    0x200000dc   Data           4  os_var.o(.data)
    OS_AppStatTaskHookPtr                    0x200000e0   Data           4  os_var.o(.data)
    OS_AppTaskSwHookPtr                      0x200000e4   Data           4  os_var.o(.data)
    OS_AppTimeTickHookPtr                    0x200000e8   Data           4  os_var.o(.data)
    OSIdleTaskCtr                            0x200000ec   Data           4  os_var.o(.data)
    OSIntNestingCtr                          0x200000f0   Data           1  os_var.o(.data)
    OSIntDisTimeMax                          0x200000f4   Data           4  os_var.o(.data)
    OSRunning                                0x200000f8   Data           1  os_var.o(.data)
    OSIntQInPtr                              0x200000fc   Data           4  os_var.o(.data)
    OSIntQOutPtr                             0x20000100   Data           4  os_var.o(.data)
    OSIntQNbrEntries                         0x20000104   Data           2  os_var.o(.data)
    OSIntQNbrEntriesMax                      0x20000106   Data           2  os_var.o(.data)
    OSIntQOvfCtr                             0x20000108   Data           2  os_var.o(.data)
    OSIntQTaskTimeMax                        0x2000010c   Data           4  os_var.o(.data)
    OSFlagDbgListPtr                         0x20000110   Data           4  os_var.o(.data)
    OSFlagQty                                0x20000114   Data           2  os_var.o(.data)
    OSMemDbgListPtr                          0x20000118   Data           4  os_var.o(.data)
    OSMemQty                                 0x2000011c   Data           2  os_var.o(.data)
    OSMutexDbgListPtr                        0x20000120   Data           4  os_var.o(.data)
    OSMutexQty                               0x20000124   Data           2  os_var.o(.data)
    OSPrioCur                                0x20000126   Data           1  os_var.o(.data)
    OSPrioHighRdy                            0x20000127   Data           1  os_var.o(.data)
    OSPrioSaved                              0x20000128   Data           1  os_var.o(.data)
    OSQDbgListPtr                            0x2000012c   Data           4  os_var.o(.data)
    OSQQty                                   0x20000130   Data           2  os_var.o(.data)
    OSSchedLockTimeBegin                     0x20000134   Data           4  os_var.o(.data)
    OSSchedLockTimeMax                       0x20000138   Data           4  os_var.o(.data)
    OSSchedLockTimeMaxCur                    0x2000013c   Data           4  os_var.o(.data)
    OSSchedLockNestingCtr                    0x20000140   Data           1  os_var.o(.data)
    OSSchedRoundRobinDfltTimeQuanta          0x20000144   Data           4  os_var.o(.data)
    OSSchedRoundRobinEn                      0x20000148   Data           1  os_var.o(.data)
    OSSemDbgListPtr                          0x2000014c   Data           4  os_var.o(.data)
    OSSemQty                                 0x20000150   Data           2  os_var.o(.data)
    OSStatResetFlag                          0x20000152   Data           1  os_var.o(.data)
    OSStatTaskCPUUsage                       0x20000154   Data           2  os_var.o(.data)
    OSStatTaskCPUUsageMax                    0x20000156   Data           2  os_var.o(.data)
    OSStatTaskCtr                            0x20000158   Data           4  os_var.o(.data)
    OSStatTaskCtrMax                         0x2000015c   Data           4  os_var.o(.data)
    OSStatTaskCtrRun                         0x20000160   Data           4  os_var.o(.data)
    OSStatTaskRdy                            0x20000164   Data           1  os_var.o(.data)
    OSStatTaskTimeMax                        0x20000168   Data           4  os_var.o(.data)
    OSTaskCtxSwCtr                           0x2000016c   Data           4  os_var.o(.data)
    OSTaskDbgListPtr                         0x20000170   Data           4  os_var.o(.data)
    OSTaskQty                                0x20000174   Data           2  os_var.o(.data)
    OSTaskRegNextAvailID                     0x20000176   Data           1  os_var.o(.data)
    OSTickCtr                                0x20000178   Data           4  os_var.o(.data)
    OSTickTaskTimeMax                        0x2000017c   Data           4  os_var.o(.data)
    OSTmrDbgListPtr                          0x20000180   Data           4  os_var.o(.data)
    OSTmrQty                                 0x20000184   Data           2  os_var.o(.data)
    OSTmrTaskTimeMax                         0x20000188   Data           4  os_var.o(.data)
    OSTmrTickCtr                             0x2000018c   Data           4  os_var.o(.data)
    OSTmrUpdateCnt                           0x20000190   Data           4  os_var.o(.data)
    OSTmrUpdateCtr                           0x20000194   Data           4  os_var.o(.data)
    OSTCBCurPtr                              0x20000198   Data           4  os_var.o(.data)
    OSTCBHighRdyPtr                          0x2000019c   Data           4  os_var.o(.data)
    __stdout                                 0x200001a0   Data           4  stdout.o(.data)
    mpu_data                                 0x200007a0   Data          24  main.o(.bss)
    hi2c1                                    0x200007b8   Data          84  i2c.o(.bss)
    htim1                                    0x2000080c   Data          72  tim.o(.bss)
    htim2                                    0x20000854   Data          72  tim.o(.bss)
    huart1                                   0x2000089c   Data          68  usart.o(.bss)
    hdma_usart1_rx                           0x200008e0   Data          68  usart.o(.bss)
    hdma_usart1_tx                           0x20000924   Data          68  usart.o(.bss)
    htim4                                    0x20000968   Data          72  stm32f1xx_hal_timebase_tim.o(.bss)
    DataStore                                0x200009c0   Data          50  ano_tc.o(.bss)
    CPU_Name                                 0x200009f2   Data          16  cpu_core.o(.bss)
    Mem_PoolHeap                             0x20000a04   Data          72  lib_mem.o(.bss)
    Mem_Heap                                 0x20000a4c   Data        5120  lib_mem.o(.bss)
    OSCfg_IdleTaskStk                        0x20001e4c   Data         512  os_cfg_app.o(.bss)
    OSCfg_IntQ                               0x2000204c   Data         320  os_cfg_app.o(.bss)
    OSCfg_IntQTaskStk                        0x2000218c   Data         512  os_cfg_app.o(.bss)
    OSCfg_ISRStk                             0x2000238c   Data         512  os_cfg_app.o(.bss)
    OSCfg_MsgPool                            0x2000258c   Data        1600  os_cfg_app.o(.bss)
    OSCfg_StatTaskStk                        0x20002bcc   Data         512  os_cfg_app.o(.bss)
    OSCfg_TickTaskStk                        0x20002dcc   Data         512  os_cfg_app.o(.bss)
    OSCfg_TickWheel                          0x20002fcc   Data         136  os_cfg_app.o(.bss)
    OSCfg_TmrTaskStk                         0x20003054   Data         512  os_cfg_app.o(.bss)
    OSCfg_TmrWheel                           0x20003254   Data         136  os_cfg_app.o(.bss)
    OSIdleTaskTCB                            0x200032dc   Data         200  os_var.o(.bss)
    OSIntQTaskTCB                            0x200033a4   Data         200  os_var.o(.bss)
    OSMsgPool                                0x2000346c   Data          12  os_var.o(.bss)
    OSRdyList                                0x20003478   Data         384  os_var.o(.bss)
    OSStatTaskTCB                            0x200035f8   Data         200  os_var.o(.bss)
    OSTickTaskTCB                            0x200036c0   Data         200  os_var.o(.bss)
    OSTmrTaskTCB                             0x20003788   Data         200  os_var.o(.bss)
    __initial_sp                             0x20003c50   Data           0  startup_stm32f103xb.o(STACK)



==============================================================================

Memory Map of the image

  Image Entry point : 0x080000ed

  Load Region LR_IROM1 (Base: 0x08000000, Size: 0x0000ad68, Max: 0x00010000, ABSOLUTE, COMPRESSED[0x0000ac0c])

    Execution Region ER_IROM1 (Exec base: 0x08000000, Load base: 0x08000000, Size: 0x0000abc0, Max: 0x00010000, ABSOLUTE)

    Exec Addr    Load Addr    Size         Type   Attr      Idx    E Section Name        Object

    0x08000000   0x08000000   0x000000ec   Data   RO            3    RESET               startup_stm32f103xb.o
    0x080000ec   0x080000ec   0x00000000   Code   RO         6296  * .ARM.Collect$$$$00000000  mc_w.l(entry.o)
    0x080000ec   0x080000ec   0x00000004   Code   RO         6633    .ARM.Collect$$$$00000001  mc_w.l(entry2.o)
    0x080000f0   0x080000f0   0x00000004   Code   RO         6636    .ARM.Collect$$$$00000004  mc_w.l(entry5.o)
    0x080000f4   0x080000f4   0x00000000   Code   RO         6638    .ARM.Collect$$$$00000008  mc_w.l(entry7b.o)
    0x080000f4   0x080000f4   0x00000000   Code   RO         6640    .ARM.Collect$$$$0000000A  mc_w.l(entry8b.o)
    0x080000f4   0x080000f4   0x00000008   Code   RO         6641    .ARM.Collect$$$$0000000B  mc_w.l(entry9a.o)
    0x080000fc   0x080000fc   0x00000000   Code   RO         6643    .ARM.Collect$$$$0000000D  mc_w.l(entry10a.o)
    0x080000fc   0x080000fc   0x00000000   Code   RO         6645    .ARM.Collect$$$$0000000F  mc_w.l(entry11a.o)
    0x080000fc   0x080000fc   0x00000004   Code   RO         6634    .ARM.Collect$$$$00002712  mc_w.l(entry2.o)
    0x08000100   0x08000100   0x00000024   Code   RO            4    .text               startup_stm32f103xb.o
    0x08000124   0x08000124   0x00000034   Code   RO         4474    .text               cpu_a.o
    0x08000158   0x08000158   0x00000062   Code   RO         6299    .text               mc_w.l(ldiv.o)
    0x080001ba   0x080001ba   0x00000020   Code   RO         6301    .text               mc_w.l(llushr.o)
    0x080001da   0x080001da   0x00000024   Code   RO         6303    .text               mc_w.l(memseta.o)
    0x080001fe   0x080001fe   0x0000001a   Code   RO         6305    .text               mc_w.l(memcmp.o)
    0x08000218   0x08000218   0x000000b0   Code   RO         6568    .text               mf_w.l(fadd.o)
    0x080002c8   0x080002c8   0x00000064   Code   RO         6570    .text               mf_w.l(fmul.o)
    0x0800032c   0x0800032c   0x0000007c   Code   RO         6572    .text               mf_w.l(fdiv.o)
    0x080003a8   0x080003a8   0x00000018   Code   RO         6574    .text               mf_w.l(fscalb.o)
    0x080003c0   0x080003c0   0x0000014e   Code   RO         6576    .text               mf_w.l(dadd.o)
    0x0800050e   0x0800050e   0x000000e4   Code   RO         6578    .text               mf_w.l(dmul.o)
    0x080005f2   0x080005f2   0x000000de   Code   RO         6580    .text               mf_w.l(ddiv.o)
    0x080006d0   0x080006d0   0x00000012   Code   RO         6582    .text               mf_w.l(fflti.o)
    0x080006e2   0x080006e2   0x0000000a   Code   RO         6584    .text               mf_w.l(ffltui.o)
    0x080006ec   0x080006ec   0x00000032   Code   RO         6588    .text               mf_w.l(ffixi.o)
    0x0800071e   0x0800071e   0x00000028   Code   RO         6590    .text               mf_w.l(ffixui.o)
    0x08000746   0x08000746   0x00000026   Code   RO         6592    .text               mf_w.l(f2d.o)
    0x0800076c   0x0800076c   0x00000038   Code   RO         6594    .text               mf_w.l(d2f.o)
    0x080007a4   0x080007a4   0x00000062   Code   RO         6650    .text               mc_w.l(uldiv.o)
    0x08000806   0x08000806   0x0000001e   Code   RO         6652    .text               mc_w.l(llshl.o)
    0x08000824   0x08000824   0x00000024   Code   RO         6654    .text               mc_w.l(llsshr.o)
    0x08000848   0x08000848   0x00000000   Code   RO         6663    .text               mc_w.l(iusefp.o)
    0x08000848   0x08000848   0x0000006e   Code   RO         6664    .text               mf_w.l(fepilogue.o)
    0x080008b6   0x080008b6   0x000000ba   Code   RO         6666    .text               mf_w.l(depilogue.o)
    0x08000970   0x08000970   0x0000002e   Code   RO         6668    .text               mf_w.l(dscalb.o)
    0x0800099e   0x0800099e   0x00000002   PAD
    0x080009a0   0x080009a0   0x00000024   Code   RO         6674    .text               mc_w.l(init.o)
    0x080009c4   0x080009c4   0x000000a2   Code   RO         6676    .text               mf_w.l(dsqrt.o)
    0x08000a66   0x08000a66   0x0000003a   Code   RO         6688    .text               mc_w.l(__dczerorl.o)
    0x08000aa0   0x08000aa0   0x00000084   Code   RO         4891    CODE                os_cpu_a.o
    0x08000b24   0x08000b24   0x00000098   Code   RO         4173    i.ANO_TC_Send       ano_tc.o
    0x08000bbc   0x08000bbc   0x00000004   Code   RO         4118    i.BSP_CPU_ClkFreq   bsp.o
    0x08000bc0   0x08000bc0   0x00000002   Code   RO         4119    i.BSP_Init          bsp.o
    0x08000bc2   0x08000bc2   0x00000002   Code   RO          499    i.BusFault_Handler  stm32f1xx_it.o
    0x08000bc4   0x08000bc4   0x0000001c   Code   RO         4274    i.CPU_Init          cpu_core.o
    0x08000be0   0x08000be0   0x0000004c   Code   RO         4275    i.CPU_IntDisMeasInit  cpu_core.o
    0x08000c2c   0x08000c2c   0x00000014   Code   RO         4276    i.CPU_IntDisMeasMaxCalc  cpu_core.o
    0x08000c40   0x08000c40   0x0000001c   Code   RO         4277    i.CPU_IntDisMeasMaxCurGet  cpu_core.o
    0x08000c5c   0x08000c5c   0x00000020   Code   RO         4278    i.CPU_IntDisMeasMaxCurReset  cpu_core.o
    0x08000c7c   0x08000c7c   0x0000001c   Code   RO         4279    i.CPU_IntDisMeasMaxGet  cpu_core.o
    0x08000c98   0x08000c98   0x00000020   Code   RO         4280    i.CPU_IntDisMeasStart  cpu_core.o
    0x08000cb8   0x08000cb8   0x00000030   Code   RO         4281    i.CPU_IntDisMeasStop  cpu_core.o
    0x08000ce8   0x08000ce8   0x00000028   Code   RO         4282    i.CPU_NameClr       cpu_core.o
    0x08000d10   0x08000d10   0x0000000c   Code   RO         4288    i.CPU_TS_TmrFreqSet  cpu_core.o
    0x08000d1c   0x08000d1c   0x00000030   Code   RO         4120    i.CPU_TS_TmrInit    bsp.o
    0x08000d4c   0x08000d4c   0x0000000c   Code   RO         4121    i.CPU_TS_TmrRd      bsp.o
    0x08000d58   0x08000d58   0x0000000c   Code   RO          500    i.DMA1_Channel4_IRQHandler  stm32f1xx_it.o
    0x08000d64   0x08000d64   0x0000000c   Code   RO          501    i.DMA1_Channel5_IRQHandler  stm32f1xx_it.o
    0x08000d70   0x08000d70   0x00000002   Code   RO          502    i.DebugMon_Handler  stm32f1xx_it.o
    0x08000d72   0x08000d72   0x00000004   Code   RO           13    i.Error_Handler     main.o
    0x08000d76   0x08000d76   0x00000046   Code   RO         1521    i.HAL_DMA_Abort     stm32f1xx_hal_dma.o
    0x08000dbc   0x08000dbc   0x00000098   Code   RO         1522    i.HAL_DMA_Abort_IT  stm32f1xx_hal_dma.o
    0x08000e54   0x08000e54   0x00000006   Code   RO         1525    i.HAL_DMA_GetState  stm32f1xx_hal_dma.o
    0x08000e5a   0x08000e5a   0x00000002   PAD
    0x08000e5c   0x08000e5c   0x00000154   Code   RO         1526    i.HAL_DMA_IRQHandler  stm32f1xx_hal_dma.o
    0x08000fb0   0x08000fb0   0x0000005c   Code   RO         1527    i.HAL_DMA_Init      stm32f1xx_hal_dma.o
    0x0800100c   0x0800100c   0x00000024   Code   RO         1149    i.HAL_Delay         stm32f1xx_hal.o
    0x08001030   0x08001030   0x000001e0   Code   RO         1457    i.HAL_GPIO_Init     stm32f1xx_hal_gpio.o
    0x08001210   0x08001210   0x0000000a   Code   RO         1459    i.HAL_GPIO_ReadPin  stm32f1xx_hal_gpio.o
    0x0800121a   0x0800121a   0x0000000a   Code   RO         1461    i.HAL_GPIO_WritePin  stm32f1xx_hal_gpio.o
    0x08001224   0x08001224   0x0000000c   Code   RO         1153    i.HAL_GetTick       stm32f1xx_hal.o
    0x08001230   0x08001230   0x00000002   Code   RO          710    i.HAL_I2C_AbortCpltCallback  stm32f1xx_hal_i2c.o
    0x08001232   0x08001232   0x00000002   Code   RO          711    i.HAL_I2C_AddrCallback  stm32f1xx_hal_i2c.o
    0x08001234   0x08001234   0x000000c4   Code   RO          714    i.HAL_I2C_ER_IRQHandler  stm32f1xx_hal_i2c.o
    0x080012f8   0x080012f8   0x00000230   Code   RO          715    i.HAL_I2C_EV_IRQHandler  stm32f1xx_hal_i2c.o
    0x08001528   0x08001528   0x00000002   Code   RO          717    i.HAL_I2C_ErrorCallback  stm32f1xx_hal_i2c.o
    0x0800152a   0x0800152a   0x00000002   PAD
    0x0800152c   0x0800152c   0x00000188   Code   RO          721    i.HAL_I2C_Init      stm32f1xx_hal_i2c.o
    0x080016b4   0x080016b4   0x00000002   Code   RO          723    i.HAL_I2C_ListenCpltCallback  stm32f1xx_hal_i2c.o
    0x080016b6   0x080016b6   0x00000002   Code   RO          724    i.HAL_I2C_MasterRxCpltCallback  stm32f1xx_hal_i2c.o
    0x080016b8   0x080016b8   0x00000002   Code   RO          725    i.HAL_I2C_MasterTxCpltCallback  stm32f1xx_hal_i2c.o
    0x080016ba   0x080016ba   0x00000002   Code   RO          737    i.HAL_I2C_MemRxCpltCallback  stm32f1xx_hal_i2c.o
    0x080016bc   0x080016bc   0x00000002   Code   RO          738    i.HAL_I2C_MemTxCpltCallback  stm32f1xx_hal_i2c.o
    0x080016be   0x080016be   0x00000002   PAD
    0x080016c0   0x080016c0   0x00000250   Code   RO          739    i.HAL_I2C_Mem_Read  stm32f1xx_hal_i2c.o
    0x08001910   0x08001910   0x00000130   Code   RO          742    i.HAL_I2C_Mem_Write  stm32f1xx_hal_i2c.o
    0x08001a40   0x08001a40   0x0000007c   Code   RO          334    i.HAL_I2C_MspInit   i2c.o
    0x08001abc   0x08001abc   0x00000002   Code   RO          747    i.HAL_I2C_SlaveRxCpltCallback  stm32f1xx_hal_i2c.o
    0x08001abe   0x08001abe   0x00000002   Code   RO          748    i.HAL_I2C_SlaveTxCpltCallback  stm32f1xx_hal_i2c.o
    0x08001ac0   0x08001ac0   0x00000010   Code   RO         1159    i.HAL_IncTick       stm32f1xx_hal.o
    0x08001ad0   0x08001ad0   0x00000024   Code   RO         1160    i.HAL_Init          stm32f1xx_hal.o
    0x08001af4   0x08001af4   0x00000098   Code   RO          635    i.HAL_InitTick      stm32f1xx_hal_timebase_tim.o
    0x08001b8c   0x08001b8c   0x0000003c   Code   RO          611    i.HAL_MspInit       stm32f1xx_hal_msp.o
    0x08001bc8   0x08001bc8   0x0000001a   Code   RO         1617    i.HAL_NVIC_EnableIRQ  stm32f1xx_hal_cortex.o
    0x08001be2   0x08001be2   0x00000002   PAD
    0x08001be4   0x08001be4   0x00000040   Code   RO         1623    i.HAL_NVIC_SetPriority  stm32f1xx_hal_cortex.o
    0x08001c24   0x08001c24   0x00000024   Code   RO         1624    i.HAL_NVIC_SetPriorityGrouping  stm32f1xx_hal_cortex.o
    0x08001c48   0x08001c48   0x0000012c   Code   RO         1317    i.HAL_RCC_ClockConfig  stm32f1xx_hal_rcc.o
    0x08001d74   0x08001d74   0x00000040   Code   RO         1321    i.HAL_RCC_GetClockConfig  stm32f1xx_hal_rcc.o
    0x08001db4   0x08001db4   0x0000000c   Code   RO         1322    i.HAL_RCC_GetHCLKFreq  stm32f1xx_hal_rcc.o
    0x08001dc0   0x08001dc0   0x00000020   Code   RO         1324    i.HAL_RCC_GetPCLK1Freq  stm32f1xx_hal_rcc.o
    0x08001de0   0x08001de0   0x00000020   Code   RO         1325    i.HAL_RCC_GetPCLK2Freq  stm32f1xx_hal_rcc.o
    0x08001e00   0x08001e00   0x0000006c   Code   RO         1326    i.HAL_RCC_GetSysClockFreq  stm32f1xx_hal_rcc.o
    0x08001e6c   0x08001e6c   0x00000320   Code   RO         1329    i.HAL_RCC_OscConfig  stm32f1xx_hal_rcc.o
    0x0800218c   0x0800218c   0x00000002   Code   RO         2823    i.HAL_TIMEx_BreakCallback  stm32f1xx_hal_tim_ex.o
    0x0800218e   0x0800218e   0x00000002   Code   RO         2824    i.HAL_TIMEx_CommutCallback  stm32f1xx_hal_tim_ex.o
    0x08002190   0x08002190   0x00000068   Code   RO         2842    i.HAL_TIMEx_MasterConfigSynchronization  stm32f1xx_hal_tim_ex.o
    0x080021f8   0x080021f8   0x0000005a   Code   RO         2119    i.HAL_TIM_Base_Init  stm32f1xx_hal_tim.o
    0x08002252   0x08002252   0x00000002   PAD
    0x08002254   0x08002254   0x00000058   Code   RO          376    i.HAL_TIM_Base_MspInit  tim.o
    0x080022ac   0x080022ac   0x00000050   Code   RO         2122    i.HAL_TIM_Base_Start  stm32f1xx_hal_tim.o
    0x080022fc   0x080022fc   0x00000058   Code   RO         2124    i.HAL_TIM_Base_Start_IT  stm32f1xx_hal_tim.o
    0x08002354   0x08002354   0x000000d6   Code   RO         2128    i.HAL_TIM_ConfigClockSource  stm32f1xx_hal_tim.o
    0x0800242a   0x0800242a   0x00000002   Code   RO         2153    i.HAL_TIM_IC_CaptureCallback  stm32f1xx_hal_tim.o
    0x0800242c   0x0800242c   0x00000166   Code   RO         2167    i.HAL_TIM_IRQHandler  stm32f1xx_hal_tim.o
    0x08002592   0x08002592   0x00000002   PAD
    0x08002594   0x08002594   0x0000005c   Code   RO          377    i.HAL_TIM_MspPostInit  tim.o
    0x080025f0   0x080025f0   0x00000002   Code   RO         2170    i.HAL_TIM_OC_DelayElapsedCallback  stm32f1xx_hal_tim.o
    0x080025f2   0x080025f2   0x000000c6   Code   RO         2191    i.HAL_TIM_PWM_ConfigChannel  stm32f1xx_hal_tim.o
    0x080026b8   0x080026b8   0x0000005a   Code   RO         2194    i.HAL_TIM_PWM_Init  stm32f1xx_hal_tim.o
    0x08002712   0x08002712   0x00000002   PAD
    0x08002714   0x08002714   0x00000024   Code   RO          379    i.HAL_TIM_PWM_MspInit  tim.o
    0x08002738   0x08002738   0x00000002   Code   RO         2197    i.HAL_TIM_PWM_PulseFinishedCallback  stm32f1xx_hal_tim.o
    0x0800273a   0x0800273a   0x00000002   PAD
    0x0800273c   0x0800273c   0x0000009c   Code   RO         2199    i.HAL_TIM_PWM_Start  stm32f1xx_hal_tim.o
    0x080027d8   0x080027d8   0x00000014   Code   RO           14    i.HAL_TIM_PeriodElapsedCallback  main.o
    0x080027ec   0x080027ec   0x00000002   Code   RO         2210    i.HAL_TIM_TriggerCallback  stm32f1xx_hal_tim.o
    0x080027ee   0x080027ee   0x00000002   Code   RO         3101    i.HAL_UARTEx_RxEventCallback  stm32f1xx_hal_uart.o
    0x080027f0   0x080027f0   0x00000002   Code   RO         3115    i.HAL_UART_ErrorCallback  stm32f1xx_hal_uart.o
    0x080027f2   0x080027f2   0x00000002   PAD
    0x080027f4   0x080027f4   0x0000020c   Code   RO         3118    i.HAL_UART_IRQHandler  stm32f1xx_hal_uart.o
    0x08002a00   0x08002a00   0x00000062   Code   RO         3119    i.HAL_UART_Init     stm32f1xx_hal_uart.o
    0x08002a62   0x08002a62   0x00000002   PAD
    0x08002a64   0x08002a64   0x000000dc   Code   RO          442    i.HAL_UART_MspInit  usart.o
    0x08002b40   0x08002b40   0x00000002   Code   RO         3125    i.HAL_UART_RxCpltCallback  stm32f1xx_hal_uart.o
    0x08002b42   0x08002b42   0x00000002   PAD
    0x08002b44   0x08002b44   0x000000b2   Code   RO         3127    i.HAL_UART_Transmit  stm32f1xx_hal_uart.o
    0x08002bf6   0x08002bf6   0x00000002   Code   RO         3130    i.HAL_UART_TxCpltCallback  stm32f1xx_hal_uart.o
    0x08002bf8   0x08002bf8   0x00000002   Code   RO          503    i.HardFault_Handler  stm32f1xx_it.o
    0x08002bfa   0x08002bfa   0x00000002   PAD
    0x08002bfc   0x08002bfc   0x0000000c   Code   RO          504    i.I2C1_ER_IRQHandler  stm32f1xx_it.o
    0x08002c08   0x08002c08   0x0000000c   Code   RO          505    i.I2C1_EV_IRQHandler  stm32f1xx_it.o
    0x08002c14   0x08002c14   0x000000bc   Code   RO          759    i.I2C_DMAAbort      stm32f1xx_hal_i2c.o
    0x08002cd0   0x08002cd0   0x00000158   Code   RO          762    i.I2C_ITError       stm32f1xx_hal_i2c.o
    0x08002e28   0x08002e28   0x0000002e   Code   RO          763    i.I2C_IsAcknowledgeFailed  stm32f1xx_hal_i2c.o
    0x08002e56   0x08002e56   0x000000d2   Code   RO          764    i.I2C_MasterReceive_BTF  stm32f1xx_hal_i2c.o
    0x08002f28   0x08002f28   0x000000e8   Code   RO          765    i.I2C_MasterReceive_RXNE  stm32f1xx_hal_i2c.o
    0x08003010   0x08003010   0x00000082   Code   RO          768    i.I2C_MasterTransmit_BTF  stm32f1xx_hal_i2c.o
    0x08003092   0x08003092   0x00000002   PAD
    0x08003094   0x08003094   0x000000b6   Code   RO          769    i.I2C_MasterTransmit_TXE  stm32f1xx_hal_i2c.o
    0x0800314a   0x0800314a   0x00000002   PAD
    0x0800314c   0x0800314c   0x00000158   Code   RO          770    i.I2C_Master_ADDR   stm32f1xx_hal_i2c.o
    0x080032a4   0x080032a4   0x0000008c   Code   RO          771    i.I2C_Master_SB     stm32f1xx_hal_i2c.o
    0x08003330   0x08003330   0x000000a0   Code   RO          772    i.I2C_MemoryTransmit_TXE_BTF  stm32f1xx_hal_i2c.o
    0x080033d0   0x080033d0   0x000000fc   Code   RO          773    i.I2C_RequestMemoryRead  stm32f1xx_hal_i2c.o
    0x080034cc   0x080034cc   0x000000a8   Code   RO          774    i.I2C_RequestMemoryWrite  stm32f1xx_hal_i2c.o
    0x08003574   0x08003574   0x00000046   Code   RO          775    i.I2C_Slave_ADDR    stm32f1xx_hal_i2c.o
    0x080035ba   0x080035ba   0x00000002   PAD
    0x080035bc   0x080035bc   0x00000084   Code   RO          776    i.I2C_Slave_AF      stm32f1xx_hal_i2c.o
    0x08003640   0x08003640   0x0000015c   Code   RO          777    i.I2C_Slave_STOPF   stm32f1xx_hal_i2c.o
    0x0800379c   0x0800379c   0x0000004c   Code   RO          778    i.I2C_WaitOnBTFFlagUntilTimeout  stm32f1xx_hal_i2c.o
    0x080037e8   0x080037e8   0x00000068   Code   RO          779    i.I2C_WaitOnFlagUntilTimeout  stm32f1xx_hal_i2c.o
    0x08003850   0x08003850   0x00000096   Code   RO          780    i.I2C_WaitOnMasterAddressFlagUntilTimeout  stm32f1xx_hal_i2c.o
    0x080038e6   0x080038e6   0x00000066   Code   RO          781    i.I2C_WaitOnRXNEFlagUntilTimeout  stm32f1xx_hal_i2c.o
    0x0800394c   0x0800394c   0x0000004c   Code   RO          782    i.I2C_WaitOnTXEFlagUntilTimeout  stm32f1xx_hal_i2c.o
    0x08003998   0x08003998   0x00000032   Code   RO         4033    i.MPU_Get_Gyroscope  mpu6050.o
    0x080039ca   0x080039ca   0x00000002   PAD
    0x080039cc   0x080039cc   0x00000020   Code   RO         4037    i.MPU_Read_Len      mpu6050.o
    0x080039ec   0x080039ec   0x00000020   Code   RO         4043    i.MPU_Write_Len     mpu6050.o
    0x08003a0c   0x08003a0c   0x0000003c   Code   RO          309    i.MX_DMA_Init       dma.o
    0x08003a48   0x08003a48   0x00000080   Code   RO          285    i.MX_GPIO_Init      gpio.o
    0x08003ac8   0x08003ac8   0x00000040   Code   RO          335    i.MX_I2C1_Init      i2c.o
    0x08003b08   0x08003b08   0x0000006c   Code   RO          380    i.MX_TIM1_Init      tim.o
    0x08003b74   0x08003b74   0x00000070   Code   RO          381    i.MX_TIM2_Init      tim.o
    0x08003be4   0x08003be4   0x00000038   Code   RO          443    i.MX_USART1_UART_Init  usart.o
    0x08003c1c   0x08003c1c   0x00000002   Code   RO          506    i.MemManage_Handler  stm32f1xx_it.o
    0x08003c1e   0x08003c1e   0x00000008   Code   RO         4617    i.Mem_Clr           lib_mem.o
    0x08003c26   0x08003c26   0x00000002   PAD
    0x08003c28   0x08003c28   0x00000044   Code   RO         4621    i.Mem_Init          lib_mem.o
    0x08003c6c   0x08003c6c   0x0000004c   Code   RO         4634    i.Mem_Set           lib_mem.o
    0x08003cb8   0x08003cb8   0x00000002   Code   RO          507    i.NMI_Handler       stm32f1xx_it.o
    0x08003cba   0x08003cba   0x00000002   Code   RO         4972    i.OSCfg_Init        os_cfg_app.o
    0x08003cbc   0x08003cbc   0x00000010   Code   RO         4894    i.OSIdleTaskHook    os_cpu_c.o
    0x08003ccc   0x08003ccc   0x00000184   Code   RO         5044    i.OSInit            os_core.o
    0x08003e50   0x08003e50   0x00000034   Code   RO         4895    i.OSInitHook        os_cpu_c.o
    0x08003e84   0x08003e84   0x00000090   Code   RO         5046    i.OSIntExit         os_core.o
    0x08003f14   0x08003f14   0x0000007c   Code   RO         5047    i.OSSched           os_core.o
    0x08003f90   0x08003f90   0x0000005c   Code   RO         5048    i.OSSchedLock       os_core.o
    0x08003fec   0x08003fec   0x00000074   Code   RO         5051    i.OSSchedUnlock     os_core.o
    0x08004060   0x08004060   0x00000058   Code   RO         5052    i.OSStart           os_core.o
    0x080040b8   0x080040b8   0x000000f8   Code   RO         5754    i.OSStatReset       os_stat.o
    0x080041b0   0x080041b0   0x00000010   Code   RO         4896    i.OSStatTaskHook    os_cpu_c.o
    0x080041c0   0x080041c0   0x000001f8   Code   RO         5785    i.OSTaskCreate      os_task.o
    0x080043b8   0x080043b8   0x00000010   Code   RO         4897    i.OSTaskCreateHook  os_cpu_c.o
    0x080043c8   0x080043c8   0x0000016c   Code   RO         5786    i.OSTaskDel         os_task.o
    0x08004534   0x08004534   0x00000010   Code   RO         4898    i.OSTaskDelHook     os_cpu_c.o
    0x08004544   0x08004544   0x00000010   Code   RO         4899    i.OSTaskReturnHook  os_cpu_c.o
    0x08004554   0x08004554   0x00000170   Code   RO         5795    i.OSTaskSemPend     os_task.o
    0x080046c4   0x080046c4   0x000000ac   Code   RO         5799    i.OSTaskStkChk      os_task.o
    0x08004770   0x08004770   0x00000070   Code   RO         4900    i.OSTaskStkInit     os_cpu_c.o
    0x080047e0   0x080047e0   0x00000068   Code   RO         4901    i.OSTaskSwHook      os_cpu_c.o
    0x08004848   0x08004848   0x000000ec   Code   RO         6000    i.OSTimeDly         os_time.o
    0x08004934   0x08004934   0x00000040   Code   RO         6005    i.OSTimeTick        os_time.o
    0x08004974   0x08004974   0x00000010   Code   RO         4902    i.OSTimeTickHook    os_cpu_c.o
    0x08004984   0x08004984   0x000000ec   Code   RO         6042    i.OSTmrCreate       os_tmr.o
    0x08004a70   0x08004a70   0x00000084   Code   RO         6045    i.OSTmrStart        os_tmr.o
    0x08004af4   0x08004af4   0x00000030   Code   RO         4903    i.OS_CPU_SysTickHandler  os_cpu_c.o
    0x08004b24   0x08004b24   0x00000028   Code   RO         4904    i.OS_CPU_SysTickInit  os_cpu_c.o
    0x08004b4c   0x08004b4c   0x00000002   Code   RO         5282    i.OS_Dbg_Init       os_dbg.o
    0x08004b4e   0x08004b4e   0x00000002   PAD
    0x08004b50   0x08004b50   0x00000018   Code   RO         5308    i.OS_FlagInit       os_flag.o
    0x08004b68   0x08004b68   0x00000188   Code   RO         5309    i.OS_FlagPost       os_flag.o
    0x08004cf0   0x08004cf0   0x00000044   Code   RO         5310    i.OS_FlagTaskRdy    os_flag.o
    0x08004d34   0x08004d34   0x00000034   Code   RO         5054    i.OS_IdleTask       os_core.o
    0x08004d68   0x08004d68   0x00000068   Code   RO         5055    i.OS_IdleTaskInit   os_core.o
    0x08004dd0   0x08004dd0   0x000000b8   Code   RO         5381    i.OS_IntQPost       os_int.o
    0x08004e88   0x08004e88   0x0000011c   Code   RO         5382    i.OS_IntQRePost     os_int.o
    0x08004fa4   0x08004fa4   0x00000088   Code   RO         5383    i.OS_IntQTask       os_int.o
    0x0800502c   0x0800502c   0x00000118   Code   RO         5384    i.OS_IntQTaskInit   os_int.o
    0x08005144   0x08005144   0x00000018   Code   RO         5415    i.OS_MemInit        os_mem.o
    0x0800515c   0x0800515c   0x00000068   Code   RO         5447    i.OS_MsgPoolInit    os_msg.o
    0x080051c4   0x080051c4   0x00000034   Code   RO         5448    i.OS_MsgQFreeAll    os_msg.o
    0x080051f8   0x080051f8   0x0000000e   Code   RO         5450    i.OS_MsgQInit       os_msg.o
    0x08005206   0x08005206   0x00000002   PAD
    0x08005208   0x08005208   0x00000088   Code   RO         5451    i.OS_MsgQPut        os_msg.o
    0x08005290   0x08005290   0x00000018   Code   RO         5491    i.OS_MutexInit      os_mutex.o
    0x080052a8   0x080052a8   0x00000050   Code   RO         5056    i.OS_Pend           os_core.o
    0x080052f8   0x080052f8   0x00000030   Code   RO         5059    i.OS_PendDataInit   os_core.o
    0x08005328   0x08005328   0x00000048   Code   RO         5060    i.OS_PendDbgNameAdd  os_core.o
    0x08005370   0x08005370   0x0000001c   Code   RO         5061    i.OS_PendDbgNameRemove  os_core.o
    0x0800538c   0x0800538c   0x0000005a   Code   RO         5065    i.OS_PendListInsertPrio  os_core.o
    0x080053e6   0x080053e6   0x00000026   Code   RO         5066    i.OS_PendListRemove  os_core.o
    0x0800540c   0x0800540c   0x00000036   Code   RO         5067    i.OS_PendListRemove1  os_core.o
    0x08005442   0x08005442   0x00000098   Code   RO         5070    i.OS_Post           os_core.o
    0x080054da   0x080054da   0x00000026   Code   RO         5071    i.OS_Post1          os_core.o
    0x08005500   0x08005500   0x00000024   Code   RO         5573    i.OS_PrioGetHighest  os_prio.o
    0x08005524   0x08005524   0x0000000c   Code   RO         5574    i.OS_PrioInit       os_prio.o
    0x08005530   0x08005530   0x00000020   Code   RO         5575    i.OS_PrioInsert     os_prio.o
    0x08005550   0x08005550   0x00000020   Code   RO         5576    i.OS_PrioRemove     os_prio.o
    0x08005570   0x08005570   0x00000018   Code   RO         5619    i.OS_QInit          os_q.o
    0x08005588   0x08005588   0x00000104   Code   RO         5620    i.OS_QPost          os_q.o
    0x0800568c   0x0800568c   0x00000024   Code   RO         5072    i.OS_RdyListInit    os_core.o
    0x080056b0   0x080056b0   0x00000030   Code   RO         5073    i.OS_RdyListInsert  os_core.o
    0x080056e0   0x080056e0   0x00000038   Code   RO         5074    i.OS_RdyListInsertHead  os_core.o
    0x08005718   0x08005718   0x00000034   Code   RO         5075    i.OS_RdyListInsertTail  os_core.o
    0x0800574c   0x0800574c   0x00000034   Code   RO         5076    i.OS_RdyListMoveHeadToTail  os_core.o
    0x08005780   0x08005780   0x00000054   Code   RO         5077    i.OS_RdyListRemove  os_core.o
    0x080057d4   0x080057d4   0x00000048   Code   RO         5078    i.OS_Sched0         os_core.o
    0x0800581c   0x0800581c   0x0000001c   Code   RO         5079    i.OS_SchedLockTimeMeasStart  os_core.o
    0x08005838   0x08005838   0x0000003c   Code   RO         5080    i.OS_SchedLockTimeMeasStop  os_core.o
    0x08005874   0x08005874   0x00000068   Code   RO         5081    i.OS_SchedRoundRobin  os_core.o
    0x080058dc   0x080058dc   0x00000018   Code   RO         5691    i.OS_SemInit        os_sem.o
    0x080058f4   0x080058f4   0x000000e4   Code   RO         5692    i.OS_SemPost        os_sem.o
    0x080059d8   0x080059d8   0x00000058   Code   RO           15    i.OS_Start          main.o
    0x08005a30   0x08005a30   0x000002a4   Code   RO         5756    i.OS_StatTask       os_stat.o
    0x08005cd4   0x08005cd4   0x000000bc   Code   RO         5757    i.OS_StatTaskInit   os_stat.o
    0x08005d90   0x08005d90   0x0000002a   Code   RO         5082    i.OS_TaskBlock      os_core.o
    0x08005dba   0x08005dba   0x00000002   PAD
    0x08005dbc   0x08005dbc   0x00000024   Code   RO         5802    i.OS_TaskDbgListAdd  os_task.o
    0x08005de0   0x08005de0   0x00000038   Code   RO         5803    i.OS_TaskDbgListRemove  os_task.o
    0x08005e18   0x08005e18   0x00000020   Code   RO         5804    i.OS_TaskInit       os_task.o
    0x08005e38   0x08005e38   0x000000c8   Code   RO         5805    i.OS_TaskInitTCB    os_task.o
    0x08005f00   0x08005f00   0x00000144   Code   RO         5806    i.OS_TaskQPost      os_task.o
    0x08006044   0x08006044   0x0000001c   Code   RO         5083    i.OS_TaskRdy        os_core.o
    0x08006060   0x08006060   0x00000100   Code   RO         5807    i.OS_TaskResume     os_task.o
    0x08006160   0x08006160   0x00000018   Code   RO         5808    i.OS_TaskReturn     os_task.o
    0x08006178   0x08006178   0x00000188   Code   RO         5809    i.OS_TaskSemPost    os_task.o
    0x08006300   0x08006300   0x000000e8   Code   RO         5810    i.OS_TaskSuspend    os_task.o
    0x080063e8   0x080063e8   0x0000002c   Code   RO         5952    i.OS_TickListInit   os_tick.o
    0x08006414   0x08006414   0x000000d8   Code   RO         5953    i.OS_TickListInsert  os_tick.o
    0x080064ec   0x080064ec   0x00000036   Code   RO         5954    i.OS_TickListRemove  os_tick.o
    0x08006522   0x08006522   0x00000002   PAD
    0x08006524   0x08006524   0x00000028   Code   RO         5955    i.OS_TickListResetPeak  os_tick.o
    0x0800654c   0x0800654c   0x0000017c   Code   RO         5956    i.OS_TickListUpdate  os_tick.o
    0x080066c8   0x080066c8   0x00000028   Code   RO         5957    i.OS_TickTask       os_tick.o
    0x080066f0   0x080066f0   0x000000a8   Code   RO         5958    i.OS_TickTaskInit   os_tick.o
    0x08006798   0x08006798   0x0000001c   Code   RO         6049    i.OS_TmrDbgListAdd  os_tmr.o
    0x080067b4   0x080067b4   0x00000104   Code   RO         6051    i.OS_TmrInit        os_tmr.o
    0x080068b8   0x080068b8   0x00000098   Code   RO         6052    i.OS_TmrLink        os_tmr.o
    0x08006950   0x08006950   0x00000028   Code   RO         6053    i.OS_TmrResetPeak   os_tmr.o
    0x08006978   0x08006978   0x000000a4   Code   RO         6054    i.OS_TmrTask        os_tmr.o
    0x08006a1c   0x08006a1c   0x0000004c   Code   RO         6055    i.OS_TmrUnlink      os_tmr.o
    0x08006a68   0x08006a68   0x00000002   Code   RO          509    i.SVC_Handler       stm32f1xx_it.o
    0x08006a6a   0x08006a6a   0x0000005e   Code   RO           16    i.SystemClock_Config  main.o
    0x08006ac8   0x08006ac8   0x00000002   Code   RO         3448    i.SystemInit        system_stm32f1xx.o
    0x08006aca   0x08006aca   0x00000002   PAD
    0x08006acc   0x08006acc   0x0000000c   Code   RO          511    i.TIM4_IRQHandler   stm32f1xx_it.o
    0x08006ad8   0x08006ad8   0x0000006c   Code   RO         2212    i.TIM_Base_SetConfig  stm32f1xx_hal_tim.o
    0x08006b44   0x08006b44   0x0000001a   Code   RO         2213    i.TIM_CCxChannelCmd  stm32f1xx_hal_tim.o
    0x08006b5e   0x08006b5e   0x00000014   Code   RO         2223    i.TIM_ETR_SetConfig  stm32f1xx_hal_tim.o
    0x08006b72   0x08006b72   0x00000010   Code   RO         2224    i.TIM_ITRx_SetConfig  stm32f1xx_hal_tim.o
    0x08006b82   0x08006b82   0x00000002   PAD
    0x08006b84   0x08006b84   0x00000050   Code   RO         2225    i.TIM_OC1_SetConfig  stm32f1xx_hal_tim.o
    0x08006bd4   0x08006bd4   0x00000058   Code   RO         2226    i.TIM_OC2_SetConfig  stm32f1xx_hal_tim.o
    0x08006c2c   0x08006c2c   0x00000058   Code   RO         2227    i.TIM_OC3_SetConfig  stm32f1xx_hal_tim.o
    0x08006c84   0x08006c84   0x00000044   Code   RO         2228    i.TIM_OC4_SetConfig  stm32f1xx_hal_tim.o
    0x08006cc8   0x08006cc8   0x00000022   Code   RO         2230    i.TIM_TI1_ConfigInputStage  stm32f1xx_hal_tim.o
    0x08006cea   0x08006cea   0x00000024   Code   RO         2232    i.TIM_TI2_ConfigInputStage  stm32f1xx_hal_tim.o
    0x08006d0e   0x08006d0e   0x0000000e   Code   RO           17    i.Task_Base         main.o
    0x08006d1c   0x08006d1c   0x000000e0   Code   RO           18    i.Task_Start        main.o
    0x08006dfc   0x08006dfc   0x00000050   Code   RO           19    i.Task_Tim1         main.o
    0x08006e4c   0x08006e4c   0x00000050   Code   RO           20    i.Task_Tim2         main.o
    0x08006e9c   0x08006e9c   0x00000010   Code   RO         3132    i.UART_DMAAbortOnError  stm32f1xx_hal_uart.o
    0x08006eac   0x08006eac   0x00000030   Code   RO         3142    i.UART_EndRxTransfer  stm32f1xx_hal_uart.o
    0x08006edc   0x08006edc   0x000000b6   Code   RO         3144    i.UART_Receive_IT   stm32f1xx_hal_uart.o
    0x08006f92   0x08006f92   0x00000002   PAD
    0x08006f94   0x08006f94   0x000000b8   Code   RO         3145    i.UART_SetConfig    stm32f1xx_hal_uart.o
    0x0800704c   0x0800704c   0x00000064   Code   RO         3148    i.UART_WaitOnFlagUntilTimeout  stm32f1xx_hal_uart.o
    0x080070b0   0x080070b0   0x0000000c   Code   RO          512    i.USART1_IRQHandler  stm32f1xx_it.o
    0x080070bc   0x080070bc   0x00000002   Code   RO          513    i.UsageFault_Handler  stm32f1xx_it.o
    0x080070be   0x080070be   0x00000002   PAD
    0x080070c0   0x080070c0   0x00000020   Code   RO         6514    i.__0printf$8       mc_w.l(printf8.o)
    0x080070e0   0x080070e0   0x00000028   Code   RO         6620    i.__ARM_fpclassify  m_ws.l(fpclassify.o)
    0x08007108   0x08007108   0x00000020   Code   RO         1630    i.__NVIC_SetPriority  stm32f1xx_hal_cortex.o
    0x08007128   0x08007128   0x000000aa   Code   RO         6622    i.__kernel_poly     m_ws.l(poly.o)
    0x080071d2   0x080071d2   0x00000006   Code   RO         6607    i.__mathlib_dbl_infnan  m_ws.l(dunder.o)
    0x080071d8   0x080071d8   0x00000004   Code   RO         6608    i.__mathlib_dbl_infnan2  m_ws.l(dunder.o)
    0x080071dc   0x080071dc   0x0000000c   Code   RO         6609    i.__mathlib_dbl_invalid  m_ws.l(dunder.o)
    0x080071e8   0x080071e8   0x00000010   Code   RO         6612    i.__mathlib_dbl_underflow  m_ws.l(dunder.o)
    0x080071f8   0x080071f8   0x0000000e   Code   RO         6682    i.__scatterload_copy  mc_w.l(handlers.o)
    0x08007206   0x08007206   0x00000002   Code   RO         6683    i.__scatterload_null  mc_w.l(handlers.o)
    0x08007208   0x08007208   0x0000000e   Code   RO         6684    i.__scatterload_zeroinit  mc_w.l(handlers.o)
    0x08007216   0x08007216   0x00000002   PAD
    0x08007218   0x08007218   0x0000000c   Code   RO         6658    i.__set_errno       mc_w.l(errno.o)
    0x08007224   0x08007224   0x00000410   Code   RO         6521    i._printf_core      mc_w.l(printf8.o)
    0x08007634   0x08007634   0x00000024   Code   RO         6522    i._printf_post_padding  mc_w.l(printf8.o)
    0x08007658   0x08007658   0x0000002e   Code   RO         6523    i._printf_pre_padding  mc_w.l(printf8.o)
    0x08007686   0x08007686   0x00000002   PAD
    0x08007688   0x08007688   0x00000080   Code   RO         3485    i.accel_self_test   inv_mpu.o
    0x08007708   0x08007708   0x00000070   Code   RO         4209    i.angle_control     driver.o
    0x08007778   0x08007778   0x00000270   Code   RO         6279    i.asin              m_ws.l(asin.o)
    0x080079e8   0x080079e8   0x00000220   Code   RO         6597    i.atan              m_ws.l(atan.o)
    0x08007c08   0x08007c08   0x00000180   Code   RO         6289    i.atan2             m_ws.l(atan2.o)
    0x08007d88   0x08007d88   0x0000003a   Code   RO         3847    i.dmp_enable_6x_lp_quat  inv_mpu_dmp_motion_driver.o
    0x08007dc2   0x08007dc2   0x00000002   PAD
    0x08007dc4   0x08007dc4   0x000001d8   Code   RO         3848    i.dmp_enable_feature  inv_mpu_dmp_motion_driver.o
    0x08007f9c   0x08007f9c   0x0000003c   Code   RO         3849    i.dmp_enable_gyro_cal  inv_mpu_dmp_motion_driver.o
    0x08007fd8   0x08007fd8   0x0000003a   Code   RO         3850    i.dmp_enable_lp_quat  inv_mpu_dmp_motion_driver.o
    0x08008012   0x08008012   0x00000002   PAD
    0x08008014   0x08008014   0x00000014   Code   RO         3855    i.dmp_load_motion_driver_firmware  inv_mpu_dmp_motion_driver.o
    0x08008028   0x08008028   0x00000144   Code   RO         3856    i.dmp_read_fifo     inv_mpu_dmp_motion_driver.o
    0x0800816c   0x0800816c   0x000000d8   Code   RO         3859    i.dmp_set_accel_bias  inv_mpu_dmp_motion_driver.o
    0x08008244   0x08008244   0x00000064   Code   RO         3860    i.dmp_set_fifo_rate  inv_mpu_dmp_motion_driver.o
    0x080082a8   0x080082a8   0x000000cc   Code   RO         3861    i.dmp_set_gyro_bias  inv_mpu_dmp_motion_driver.o
    0x08008374   0x08008374   0x0000010c   Code   RO         3863    i.dmp_set_orientation  inv_mpu_dmp_motion_driver.o
    0x08008480   0x08008480   0x00000030   Code   RO         3866    i.dmp_set_shake_reject_thresh  inv_mpu_dmp_motion_driver.o
    0x080084b0   0x080084b0   0x00000020   Code   RO         3867    i.dmp_set_shake_reject_time  inv_mpu_dmp_motion_driver.o
    0x080084d0   0x080084d0   0x00000020   Code   RO         3868    i.dmp_set_shake_reject_timeout  inv_mpu_dmp_motion_driver.o
    0x080084f0   0x080084f0   0x00000040   Code   RO         3869    i.dmp_set_tap_axes  inv_mpu_dmp_motion_driver.o
    0x08008530   0x08008530   0x00000022   Code   RO         3870    i.dmp_set_tap_count  inv_mpu_dmp_motion_driver.o
    0x08008552   0x08008552   0x00000002   PAD
    0x08008554   0x08008554   0x00000128   Code   RO         3871    i.dmp_set_tap_thresh  inv_mpu_dmp_motion_driver.o
    0x0800867c   0x0800867c   0x00000020   Code   RO         3872    i.dmp_set_tap_time  inv_mpu_dmp_motion_driver.o
    0x0800869c   0x0800869c   0x00000020   Code   RO         3873    i.dmp_set_tap_time_multi  inv_mpu_dmp_motion_driver.o
    0x080086bc   0x080086bc   0x00000018   Code   RO          445    i.fputc             usart.o
    0x080086d4   0x080086d4   0x000000ac   Code   RO         3486    i.get_accel_prod_shift  inv_mpu.o
    0x08008780   0x08008780   0x0000002c   Code   RO         4210    i.get_encoder       driver.o
    0x080087ac   0x080087ac   0x00000314   Code   RO         3487    i.get_st_biases     inv_mpu.o
    0x08008ac0   0x08008ac0   0x000000d4   Code   RO         3488    i.gyro_self_test    inv_mpu.o
    0x08008b94   0x08008b94   0x00000022   Code   RO         3489    i.inv_orientation_matrix_to_scalar  inv_mpu.o
    0x08008bb6   0x08008bb6   0x00000048   Code   RO         3490    i.inv_row_2_scale   inv_mpu.o
    0x08008bfe   0x08008bfe   0x00000002   PAD
    0x08008c00   0x08008c00   0x00000048   Code   RO           21    i.main              main.o
    0x08008c48   0x08008c48   0x00000002   Code   RO         3491    i.mget_ms           inv_mpu.o
    0x08008c4a   0x08008c4a   0x00000002   PAD
    0x08008c4c   0x08008c4c   0x0000002c   Code   RO         4211    i.motor_control     driver.o
    0x08008c78   0x08008c78   0x00000088   Code   RO         4212    i.motor_pi          driver.o
    0x08008d00   0x08008d00   0x00000054   Code   RO         3492    i.mpu_configure_fifo  inv_mpu.o
    0x08008d54   0x08008d54   0x0000019c   Code   RO         3493    i.mpu_dmp_get_data  inv_mpu.o
    0x08008ef0   0x08008ef0   0x000000a4   Code   RO         3494    i.mpu_dmp_init      inv_mpu.o
    0x08008f94   0x08008f94   0x0000003c   Code   RO         3495    i.mpu_get_accel_fsr  inv_mpu.o
    0x08008fd0   0x08008fd0   0x00000044   Code   RO         3497    i.mpu_get_accel_sens  inv_mpu.o
    0x08009014   0x08009014   0x00000034   Code   RO         3503    i.mpu_get_gyro_fsr  inv_mpu.o
    0x08009048   0x08009048   0x00000040   Code   RO         3505    i.mpu_get_gyro_sens  inv_mpu.o
    0x08009088   0x08009088   0x00000038   Code   RO         3507    i.mpu_get_lpf       inv_mpu.o
    0x080090c0   0x080090c0   0x0000001c   Code   RO         3509    i.mpu_get_sample_rate  inv_mpu.o
    0x080090dc   0x080090dc   0x00000188   Code   RO         3511    i.mpu_init          inv_mpu.o
    0x08009264   0x08009264   0x000000a0   Code   RO         3512    i.mpu_load_firmware  inv_mpu.o
    0x08009304   0x08009304   0x000000b8   Code   RO         3513    i.mpu_lp_accel_mode  inv_mpu.o
    0x080093bc   0x080093bc   0x00000090   Code   RO         3516    i.mpu_read_fifo_stream  inv_mpu.o
    0x0800944c   0x0800944c   0x00000054   Code   RO         3517    i.mpu_read_mem      inv_mpu.o
    0x080094a0   0x080094a0   0x00000160   Code   RO         3520    i.mpu_reset_fifo    inv_mpu.o
    0x08009600   0x08009600   0x000000f0   Code   RO         3521    i.mpu_run_self_test  inv_mpu.o
    0x080096f0   0x080096f0   0x00000068   Code   RO         3523    i.mpu_set_accel_fsr  inv_mpu.o
    0x08009758   0x08009758   0x000000dc   Code   RO         3524    i.mpu_set_bypass    inv_mpu.o
    0x08009834   0x08009834   0x00000078   Code   RO         3526    i.mpu_set_dmp_state  inv_mpu.o
    0x080098ac   0x080098ac   0x0000006c   Code   RO         3527    i.mpu_set_gyro_fsr  inv_mpu.o
    0x08009918   0x08009918   0x00000064   Code   RO         3528    i.mpu_set_int_latched  inv_mpu.o
    0x0800997c   0x0800997c   0x0000006c   Code   RO         3530    i.mpu_set_lpf       inv_mpu.o
    0x080099e8   0x080099e8   0x00000080   Code   RO         3531    i.mpu_set_sample_rate  inv_mpu.o
    0x08009a68   0x08009a68   0x000000b8   Code   RO         3532    i.mpu_set_sensors   inv_mpu.o
    0x08009b20   0x08009b20   0x00000054   Code   RO         3533    i.mpu_write_mem     inv_mpu.o
    0x08009b74   0x08009b74   0x00000084   Code   RO         4213    i.palstance_control  driver.o
    0x08009bf8   0x08009bf8   0x00000080   Code   RO         3534    i.run_self_test     inv_mpu.o
    0x08009c78   0x08009c78   0x00000058   Code   RO         3535    i.set_int_enable    inv_mpu.o
    0x08009cd0   0x08009cd0   0x0000004c   Code   RO         6626    i.sqrt              m_ws.l(sqrt.o)
    0x08009d1c   0x08009d1c   0x0000006c   Code   RO         4214    i.velocity_control  driver.o
    0x08009d88   0x08009d88   0x00000010   Data   RO         3449    .constdata          system_stm32f1xx.o
    0x08009d98   0x08009d98   0x00000008   Data   RO         3450    .constdata          system_stm32f1xx.o
    0x08009da0   0x08009da0   0x0000001b   Data   RO         3537    .constdata          inv_mpu.o
    0x08009dbb   0x08009dbb   0x00000001   PAD
    0x08009dbc   0x08009dbc   0x0000000c   Data   RO         3538    .constdata          inv_mpu.o
    0x08009dc8   0x08009dc8   0x00000028   Data   RO         3539    .constdata          inv_mpu.o
    0x08009df0   0x08009df0   0x00000bf6   Data   RO         3875    .constdata          inv_mpu_dmp_motion_driver.o
    0x0800a9e6   0x0800a9e6   0x00000002   PAD
    0x0800a9e8   0x0800a9e8   0x00000004   Data   RO         4983    .constdata          os_cfg_app.o
    0x0800a9ec   0x0800a9ec   0x00000004   Data   RO         4984    .constdata          os_cfg_app.o
    0x0800a9f0   0x0800a9f0   0x00000004   Data   RO         4985    .constdata          os_cfg_app.o
    0x0800a9f4   0x0800a9f4   0x00000004   Data   RO         4987    .constdata          os_cfg_app.o
    0x0800a9f8   0x0800a9f8   0x00000002   Data   RO         4988    .constdata          os_cfg_app.o
    0x0800a9fa   0x0800a9fa   0x00000002   PAD
    0x0800a9fc   0x0800a9fc   0x00000004   Data   RO         4990    .constdata          os_cfg_app.o
    0x0800aa00   0x0800aa00   0x00000004   Data   RO         4991    .constdata          os_cfg_app.o
    0x0800aa04   0x0800aa04   0x00000004   Data   RO         4992    .constdata          os_cfg_app.o
    0x0800aa08   0x0800aa08   0x00000004   Data   RO         4994    .constdata          os_cfg_app.o
    0x0800aa0c   0x0800aa0c   0x00000004   Data   RO         4995    .constdata          os_cfg_app.o
    0x0800aa10   0x0800aa10   0x00000002   Data   RO         4997    .constdata          os_cfg_app.o
    0x0800aa12   0x0800aa12   0x00000002   PAD
    0x0800aa14   0x0800aa14   0x00000004   Data   RO         4999    .constdata          os_cfg_app.o
    0x0800aa18   0x0800aa18   0x00000001   Data   RO         5000    .constdata          os_cfg_app.o
    0x0800aa19   0x0800aa19   0x00000003   PAD
    0x0800aa1c   0x0800aa1c   0x00000004   Data   RO         5001    .constdata          os_cfg_app.o
    0x0800aa20   0x0800aa20   0x00000004   Data   RO         5002    .constdata          os_cfg_app.o
    0x0800aa24   0x0800aa24   0x00000004   Data   RO         5003    .constdata          os_cfg_app.o
    0x0800aa28   0x0800aa28   0x00000004   Data   RO         5004    .constdata          os_cfg_app.o
    0x0800aa2c   0x0800aa2c   0x00000004   Data   RO         5006    .constdata          os_cfg_app.o
    0x0800aa30   0x0800aa30   0x00000004   Data   RO         5007    .constdata          os_cfg_app.o
    0x0800aa34   0x0800aa34   0x00000001   Data   RO         5008    .constdata          os_cfg_app.o
    0x0800aa35   0x0800aa35   0x00000003   PAD
    0x0800aa38   0x0800aa38   0x00000004   Data   RO         5009    .constdata          os_cfg_app.o
    0x0800aa3c   0x0800aa3c   0x00000004   Data   RO         5010    .constdata          os_cfg_app.o
    0x0800aa40   0x0800aa40   0x00000004   Data   RO         5011    .constdata          os_cfg_app.o
    0x0800aa44   0x0800aa44   0x00000002   Data   RO         5013    .constdata          os_cfg_app.o
    0x0800aa46   0x0800aa46   0x00000001   Data   RO         5015    .constdata          os_cfg_app.o
    0x0800aa47   0x0800aa47   0x00000001   PAD
    0x0800aa48   0x0800aa48   0x00000004   Data   RO         5016    .constdata          os_cfg_app.o
    0x0800aa4c   0x0800aa4c   0x00000004   Data   RO         5017    .constdata          os_cfg_app.o
    0x0800aa50   0x0800aa50   0x00000004   Data   RO         5018    .constdata          os_cfg_app.o
    0x0800aa54   0x0800aa54   0x00000004   Data   RO         5019    .constdata          os_cfg_app.o
    0x0800aa58   0x0800aa58   0x00000002   Data   RO         5021    .constdata          os_cfg_app.o
    0x0800aa5a   0x0800aa5a   0x00000006   PAD
    0x0800aa60   0x0800aa60   0x00000050   Data   RO         6280    .constdata          m_ws.l(asin.o)
    0x0800aab0   0x0800aab0   0x00000098   Data   RO         6598    .constdata          m_ws.l(atan.o)
    0x0800ab48   0x0800ab48   0x00000008   Data   RO         6624    .constdata          m_ws.l(qnan.o)
    0x0800ab50   0x0800ab50   0x0000004d   Data   RO         3540    .conststring        inv_mpu.o
    0x0800ab9d   0x0800ab9d   0x00000003   PAD
    0x0800aba0   0x0800aba0   0x00000020   Data   RO         6680    Region$$Table       anon$$obj.o


    Execution Region RW_IRAM1 (Exec base: 0x20000000, Load base: 0x0800abc0, Size: 0x00003c50, Max: 0x00005000, ABSOLUTE, COMPRESSED[0x0000004c])

    Exec Addr    Load Addr    Size         Type   Attr      Idx    E Section Name        Object

    0x20000000   COMPRESSED   0x00000010   Data   RW           24    .data               main.o
    0x20000010   COMPRESSED   0x0000000c   Data   RW         1167    .data               stm32f1xx_hal.o
    0x2000001c   COMPRESSED   0x00000004   Data   RW         3451    .data               system_stm32f1xx.o
    0x20000020   COMPRESSED   0x00000035   Data   RW         3541    .data               inv_mpu.o
    0x20000055   COMPRESSED   0x00000003   PAD
    0x20000058   COMPRESSED   0x00000050   Data   RW         4215    .data               driver.o
    0x200000a8   COMPRESSED   0x0000001c   Data   RW         4292    .data               cpu_core.o
    0x200000c4   COMPRESSED   0x00000004   Data   RW         4636    .data               lib_mem.o
    0x200000c8   COMPRESSED   0x00000004   Data   RW         4905    .data               os_cpu_c.o
    0x200000cc   COMPRESSED   0x00000004   Data   RW         5577    .data               os_prio.o
    0x200000d0   COMPRESSED   0x00000004   Data   RW         6139    .data               os_var.o
    0x200000d4   COMPRESSED   0x00000004   Data   RW         6140    .data               os_var.o
    0x200000d8   COMPRESSED   0x00000004   Data   RW         6141    .data               os_var.o
    0x200000dc   COMPRESSED   0x00000004   Data   RW         6142    .data               os_var.o
    0x200000e0   COMPRESSED   0x00000004   Data   RW         6143    .data               os_var.o
    0x200000e4   COMPRESSED   0x00000004   Data   RW         6144    .data               os_var.o
    0x200000e8   COMPRESSED   0x00000004   Data   RW         6145    .data               os_var.o
    0x200000ec   COMPRESSED   0x00000004   Data   RW         6146    .data               os_var.o
    0x200000f0   COMPRESSED   0x00000001   Data   RW         6147    .data               os_var.o
    0x200000f1   COMPRESSED   0x00000003   PAD
    0x200000f4   COMPRESSED   0x00000004   Data   RW         6148    .data               os_var.o
    0x200000f8   COMPRESSED   0x00000001   Data   RW         6149    .data               os_var.o
    0x200000f9   COMPRESSED   0x00000003   PAD
    0x200000fc   COMPRESSED   0x00000004   Data   RW         6150    .data               os_var.o
    0x20000100   COMPRESSED   0x00000004   Data   RW         6151    .data               os_var.o
    0x20000104   COMPRESSED   0x00000002   Data   RW         6152    .data               os_var.o
    0x20000106   COMPRESSED   0x00000002   Data   RW         6153    .data               os_var.o
    0x20000108   COMPRESSED   0x00000002   Data   RW         6154    .data               os_var.o
    0x2000010a   COMPRESSED   0x00000002   PAD
    0x2000010c   COMPRESSED   0x00000004   Data   RW         6155    .data               os_var.o
    0x20000110   COMPRESSED   0x00000004   Data   RW         6156    .data               os_var.o
    0x20000114   COMPRESSED   0x00000002   Data   RW         6157    .data               os_var.o
    0x20000116   COMPRESSED   0x00000002   PAD
    0x20000118   COMPRESSED   0x00000004   Data   RW         6158    .data               os_var.o
    0x2000011c   COMPRESSED   0x00000002   Data   RW         6159    .data               os_var.o
    0x2000011e   COMPRESSED   0x00000002   PAD
    0x20000120   COMPRESSED   0x00000004   Data   RW         6160    .data               os_var.o
    0x20000124   COMPRESSED   0x00000002   Data   RW         6161    .data               os_var.o
    0x20000126   COMPRESSED   0x00000001   Data   RW         6162    .data               os_var.o
    0x20000127   COMPRESSED   0x00000001   Data   RW         6163    .data               os_var.o
    0x20000128   COMPRESSED   0x00000001   Data   RW         6164    .data               os_var.o
    0x20000129   COMPRESSED   0x00000003   PAD
    0x2000012c   COMPRESSED   0x00000004   Data   RW         6165    .data               os_var.o
    0x20000130   COMPRESSED   0x00000002   Data   RW         6166    .data               os_var.o
    0x20000132   COMPRESSED   0x00000002   PAD
    0x20000134   COMPRESSED   0x00000004   Data   RW         6167    .data               os_var.o
    0x20000138   COMPRESSED   0x00000004   Data   RW         6168    .data               os_var.o
    0x2000013c   COMPRESSED   0x00000004   Data   RW         6169    .data               os_var.o
    0x20000140   COMPRESSED   0x00000001   Data   RW         6170    .data               os_var.o
    0x20000141   COMPRESSED   0x00000003   PAD
    0x20000144   COMPRESSED   0x00000004   Data   RW         6171    .data               os_var.o
    0x20000148   COMPRESSED   0x00000001   Data   RW         6172    .data               os_var.o
    0x20000149   COMPRESSED   0x00000003   PAD
    0x2000014c   COMPRESSED   0x00000004   Data   RW         6173    .data               os_var.o
    0x20000150   COMPRESSED   0x00000002   Data   RW         6174    .data               os_var.o
    0x20000152   COMPRESSED   0x00000001   Data   RW         6175    .data               os_var.o
    0x20000153   COMPRESSED   0x00000001   PAD
    0x20000154   COMPRESSED   0x00000002   Data   RW         6176    .data               os_var.o
    0x20000156   COMPRESSED   0x00000002   Data   RW         6177    .data               os_var.o
    0x20000158   COMPRESSED   0x00000004   Data   RW         6178    .data               os_var.o
    0x2000015c   COMPRESSED   0x00000004   Data   RW         6179    .data               os_var.o
    0x20000160   COMPRESSED   0x00000004   Data   RW         6180    .data               os_var.o
    0x20000164   COMPRESSED   0x00000001   Data   RW         6181    .data               os_var.o
    0x20000165   COMPRESSED   0x00000003   PAD
    0x20000168   COMPRESSED   0x00000004   Data   RW         6182    .data               os_var.o
    0x2000016c   COMPRESSED   0x00000004   Data   RW         6183    .data               os_var.o
    0x20000170   COMPRESSED   0x00000004   Data   RW         6184    .data               os_var.o
    0x20000174   COMPRESSED   0x00000002   Data   RW         6185    .data               os_var.o
    0x20000176   COMPRESSED   0x00000001   Data   RW         6186    .data               os_var.o
    0x20000177   COMPRESSED   0x00000001   PAD
    0x20000178   COMPRESSED   0x00000004   Data   RW         6187    .data               os_var.o
    0x2000017c   COMPRESSED   0x00000004   Data   RW         6188    .data               os_var.o
    0x20000180   COMPRESSED   0x00000004   Data   RW         6189    .data               os_var.o
    0x20000184   COMPRESSED   0x00000002   Data   RW         6190    .data               os_var.o
    0x20000186   COMPRESSED   0x00000002   PAD
    0x20000188   COMPRESSED   0x00000004   Data   RW         6191    .data               os_var.o
    0x2000018c   COMPRESSED   0x00000004   Data   RW         6192    .data               os_var.o
    0x20000190   COMPRESSED   0x00000004   Data   RW         6193    .data               os_var.o
    0x20000194   COMPRESSED   0x00000004   Data   RW         6194    .data               os_var.o
    0x20000198   COMPRESSED   0x00000004   Data   RW         6195    .data               os_var.o
    0x2000019c   COMPRESSED   0x00000004   Data   RW         6196    .data               os_var.o
    0x200001a0   COMPRESSED   0x00000004   Data   RW         6647    .data               mc_w.l(stdout.o)
    0x200001a4   COMPRESSED   0x00000004   Data   RW         6659    .data               mc_w.l(errno.o)
    0x200001a8        -       0x00000610   Zero   RW           22    .bss                main.o
    0x200007b8        -       0x00000054   Zero   RW          336    .bss                i2c.o
    0x2000080c        -       0x00000090   Zero   RW          382    .bss                tim.o
    0x2000089c        -       0x000000cc   Zero   RW          446    .bss                usart.o
    0x20000968        -       0x00000048   Zero   RW          638    .bss                stm32f1xx_hal_timebase_tim.o
    0x200009b0        -       0x00000010   Zero   RW         3874    .bss                inv_mpu_dmp_motion_driver.o
    0x200009c0        -       0x00000032   Zero   RW         4175    .bss                ano_tc.o
    0x200009f2        -       0x00000010   Zero   RW         4290    .bss                cpu_core.o
    0x20000a02   COMPRESSED   0x00000002   PAD
    0x20000a04        -       0x00001448   Zero   RW         4635    .bss                lib_mem.o
    0x20001e4c        -       0x00000200   Zero   RW         4973    .bss                os_cfg_app.o
    0x2000204c        -       0x00000140   Zero   RW         4974    .bss                os_cfg_app.o
    0x2000218c        -       0x00000200   Zero   RW         4975    .bss                os_cfg_app.o
    0x2000238c        -       0x00000200   Zero   RW         4976    .bss                os_cfg_app.o
    0x2000258c        -       0x00000640   Zero   RW         4977    .bss                os_cfg_app.o
    0x20002bcc        -       0x00000200   Zero   RW         4978    .bss                os_cfg_app.o
    0x20002dcc        -       0x00000200   Zero   RW         4979    .bss                os_cfg_app.o
    0x20002fcc        -       0x00000088   Zero   RW         4980    .bss                os_cfg_app.o
    0x20003054        -       0x00000200   Zero   RW         4981    .bss                os_cfg_app.o
    0x20003254        -       0x00000088   Zero   RW         4982    .bss                os_cfg_app.o
    0x200032dc        -       0x000000c8   Zero   RW         6132    .bss                os_var.o
    0x200033a4        -       0x000000c8   Zero   RW         6133    .bss                os_var.o
    0x2000346c        -       0x0000000c   Zero   RW         6134    .bss                os_var.o
    0x20003478        -       0x00000180   Zero   RW         6135    .bss                os_var.o
    0x200035f8        -       0x000000c8   Zero   RW         6136    .bss                os_var.o
    0x200036c0        -       0x000000c8   Zero   RW         6137    .bss                os_var.o
    0x20003788        -       0x000000c8   Zero   RW         6138    .bss                os_var.o
    0x20003850        -       0x00000400   Zero   RW            1    STACK               startup_stm32f103xb.o


==============================================================================

Image component sizes


      Code (inc. data)   RO Data    RW Data    ZI Data      Debug   Object Name

       152          8          0          0         50       1266   ano_tc.o
        66         16          0          0          0       2425   bsp.o
        52          0          0          0          0        308   cpu_a.o
       344         48          0         28         16      15300   cpu_core.o
        60          4          0          0          0        714   dma.o
       576         44          0         80          0       4443   driver.o
       128         10          0          0          0        867   gpio.o
       188         26          0          0         84       1537   i2c.o
      5324        294        156         53          0      28862   inv_mpu.o
      2350        118       3062          0         16      18902   inv_mpu_dmp_motion_driver.o
       152         14          0          4       5192      13103   lib_mem.o
       676        120          0         16       1552     478833   main.o
       114          8          0          0          0       2615   mpu6050.o
         2          0        103          0       5264      20770   os_cfg_app.o
      2370        406          0          0          0      18577   os_core.o
       132         32          0          0          0        356   os_cpu_a.o
       452         70          0          4          0       7393   os_cpu_c.o
         2          0          0          0          0        810   os_dbg.o
       484         28          0          0          0       3047   os_flag.o
       884        200          0          0          0       3418   os_int.o
        24         10          0          0          0        781   os_mem.o
       306         20          0          0          0       3073   os_msg.o
        24         10          0          0          0        849   os_mutex.o
       112         16          0          4          0       2546   os_prio.o
       284         18          0          0          0       2160   os_q.o
       252         14          0          0          0       1990   os_sem.o
      1112        190          0          0          0       3238   os_stat.o
      2960        218          0          0          0      12149   os_task.o
       942        128          0          0          0       5353   os_tick.o
       300         24          0          0          0       1661   os_time.o
      1088        170          0          0          0       6170   os_tmr.o
         0          0          0        178       1396      19393   os_var.o
        36          8        236          0       1024        788   startup_stm32f103xb.o
       100         18          0         12          0       5066   stm32f1xx_hal.o
       158         14          0          0          0      28050   stm32f1xx_hal_cortex.o
       660         36          0          0          0       3790   stm32f1xx_hal_dma.o
       500         34          0          0          0       3407   stm32f1xx_hal_gpio.o
      5518         94          0          0          0      30688   stm32f1xx_hal_i2c.o
        60          8          0          0          0        818   stm32f1xx_hal_msp.o
      1348        116          0          0          0       6065   stm32f1xx_hal_rcc.o
      1846         72          0          0          0      15401   stm32f1xx_hal_tim.o
       108         12          0          0          0       2265   stm32f1xx_hal_tim_ex.o
       152         20          0          0         72       1399   stm32f1xx_hal_timebase_tim.o
      1338         10          0          0          0       9336   stm32f1xx_hal_uart.o
        86         36          0          0          0       5309   stm32f1xx_it.o
         2          0         24          4          0       1035   system_stm32f1xx.o
       436         46          0          0        144       3355   tim.o
       300         34          0          0        204       3496   usart.o

    ----------------------------------------------------------------------
     34620       2822       3636        416      15016     803177   Object Totals
         0          0         32          0          0          0   (incl. Generated)
        60          0         23         33          2          0   (incl. Padding)

    ----------------------------------------------------------------------

      Code (inc. data)   RO Data    RW Data    ZI Data      Debug   Library Member Name

       624         52         80          0          0        168   asin.o
       544         70        152          0          0        124   atan.o
       384         38          0          0          0        144   atan2.o
        38          6          0          0          0        272   dunder.o
        40          0          0          0          0         68   fpclassify.o
       170          0          0          0          0         96   poly.o
         0          0          8          0          0          0   qnan.o
        76          0          0          0          0         84   sqrt.o
        58          0          0          0          0          0   __dczerorl.o
         0          0          0          0          0          0   entry.o
         0          0          0          0          0          0   entry10a.o
         0          0          0          0          0          0   entry11a.o
         8          4          0          0          0          0   entry2.o
         4          0          0          0          0          0   entry5.o
         0          0          0          0          0          0   entry7b.o
         0          0          0          0          0          0   entry8b.o
         8          4          0          0          0          0   entry9a.o
        12          6          0          4          0         68   errno.o
        30          0          0          0          0          0   handlers.o
        36          8          0          0          0         68   init.o
         0          0          0          0          0          0   iusefp.o
        98          0          0          0          0         84   ldiv.o
        30          0          0          0          0         68   llshl.o
        36          0          0          0          0         68   llsshr.o
        32          0          0          0          0         68   llushr.o
        26          0          0          0          0         80   memcmp.o
        36          0          0          0          0        108   memseta.o
      1154         54          0          0          0        352   printf8.o
         0          0          0          4          0          0   stdout.o
        98          0          0          0          0         92   uldiv.o
        56          0          0          0          0         88   d2f.o
       334          0          0          0          0        148   dadd.o
       222          0          0          0          0        100   ddiv.o
       186          0          0          0          0        176   depilogue.o
       228          0          0          0          0         96   dmul.o
        46          0          0          0          0         80   dscalb.o
       162          0          0          0          0        100   dsqrt.o
        38          0          0          0          0         68   f2d.o
       176          0          0          0          0        140   fadd.o
       124          0          0          0          0         88   fdiv.o
       110          0          0          0          0        168   fepilogue.o
        50          0          0          0          0         68   ffixi.o
        40          0          0          0          0         68   ffixui.o
        18          0          0          0          0         68   fflti.o
        10          0          0          0          0         68   ffltui.o
       100          0          0          0          0         76   fmul.o
        24          0          0          0          0         68   fscalb.o

    ----------------------------------------------------------------------
      5472        242        240          8          0       3680   Library Totals
         6          0          0          0          0          0   (incl. Padding)

    ----------------------------------------------------------------------

      Code (inc. data)   RO Data    RW Data    ZI Data      Debug   Library Name

      1876        166        240          0          0        956   m_ws.l
      1666         76          0          8          0       1056   mc_w.l
      1924          0          0          0          0       1668   mf_w.l

    ----------------------------------------------------------------------
      5472        242        240          8          0       3680   Library Totals

    ----------------------------------------------------------------------

==============================================================================


      Code (inc. data)   RO Data    RW Data    ZI Data      Debug   

     40092       3064       3876        424      15016     789357   Grand Totals
     40092       3064       3876         76      15016     789357   ELF Image Totals (compressed)
     40092       3064       3876         76          0          0   ROM Totals

==============================================================================

    Total RO  Size (Code + RO Data)                43968 (  42.94kB)
    Total RW  Size (RW Data + ZI Data)             15440 (  15.08kB)
    Total ROM Size (Code + RO Data + RW Data)      44044 (  43.01kB)

==============================================================================

